Archive member included to satisfy reference by file (symbol)

/home/ninha/.pico-sdk/toolchain/13_3_Rel1/bin/../lib/gcc/arm-none-eabi/13.3.1/thumb/v6-m/nofp/libgcc.a(_dvmd_tls.o)
                              CMakeFiles/Temporizador_Disparo.dir/home/ninha/.pico-sdk/sdk/2.1.0/src/rp2_common/pico_divider/divider_hardware.S.o (__aeabi_idiv0)
/home/ninha/.pico-sdk/toolchain/13_3_Rel1/bin/../lib/gcc/arm-none-eabi/13.3.1/../../../../arm-none-eabi/lib/thumb/v6-m/nofp/libg.a(libc_a-strlen-stub.o)
                              CMakeFiles/Temporizador_Disparo.dir/home/ninha/.pico-sdk/sdk/2.1.0/src/rp2_common/pico_stdio/stdio.c.o (strlen)
/home/ninha/.pico-sdk/toolchain/13_3_Rel1/bin/../lib/gcc/arm-none-eabi/13.3.1/../../../../arm-none-eabi/lib/thumb/v6-m/nofp/libg.a(libc_a-malloc.o)
                              CMakeFiles/Temporizador_Disparo.dir/home/ninha/.pico-sdk/sdk/2.1.0/src/rp2_common/pico_malloc/malloc.c.o (malloc)
/home/ninha/.pico-sdk/toolchain/13_3_Rel1/bin/../lib/gcc/arm-none-eabi/13.3.1/../../../../arm-none-eabi/lib/thumb/v6-m/nofp/libg.a(libc_a-mallocr.o)
                              /home/ninha/.pico-sdk/toolchain/13_3_Rel1/bin/../lib/gcc/arm-none-eabi/13.3.1/../../../../arm-none-eabi/lib/thumb/v6-m/nofp/libg.a(libc_a-malloc.o) (_malloc_r)
/home/ninha/.pico-sdk/toolchain/13_3_Rel1/bin/../lib/gcc/arm-none-eabi/13.3.1/../../../../arm-none-eabi/lib/thumb/v6-m/nofp/libg.a(libc_a-lcltime_r.o)
                              CMakeFiles/Temporizador_Disparo.dir/home/ninha/.pico-sdk/sdk/2.1.0/src/common/pico_util/datetime.c.o (localtime_r)
/home/ninha/.pico-sdk/toolchain/13_3_Rel1/bin/../lib/gcc/arm-none-eabi/13.3.1/../../../../arm-none-eabi/lib/thumb/v6-m/nofp/libg.a(libc_a-sbrkr.o)
                              /home/ninha/.pico-sdk/toolchain/13_3_Rel1/bin/../lib/gcc/arm-none-eabi/13.3.1/../../../../arm-none-eabi/lib/thumb/v6-m/nofp/libg.a(libc_a-mallocr.o) (_sbrk_r)
/home/ninha/.pico-sdk/toolchain/13_3_Rel1/bin/../lib/gcc/arm-none-eabi/13.3.1/../../../../arm-none-eabi/lib/thumb/v6-m/nofp/libg.a(libc_a-mktime.o)
                              CMakeFiles/Temporizador_Disparo.dir/home/ninha/.pico-sdk/sdk/2.1.0/src/common/pico_util/datetime.c.o (mktime)
/home/ninha/.pico-sdk/toolchain/13_3_Rel1/bin/../lib/gcc/arm-none-eabi/13.3.1/../../../../arm-none-eabi/lib/thumb/v6-m/nofp/libg.a(libc_a-month_lengths.o)
                              /home/ninha/.pico-sdk/toolchain/13_3_Rel1/bin/../lib/gcc/arm-none-eabi/13.3.1/../../../../arm-none-eabi/lib/thumb/v6-m/nofp/libg.a(libc_a-lcltime_r.o) (__month_lengths)
/home/ninha/.pico-sdk/toolchain/13_3_Rel1/bin/../lib/gcc/arm-none-eabi/13.3.1/../../../../arm-none-eabi/lib/thumb/v6-m/nofp/libg.a(libc_a-tzcalc_limits.o)
                              /home/ninha/.pico-sdk/toolchain/13_3_Rel1/bin/../lib/gcc/arm-none-eabi/13.3.1/../../../../arm-none-eabi/lib/thumb/v6-m/nofp/libg.a(libc_a-lcltime_r.o) (__tzcalc_limits)
/home/ninha/.pico-sdk/toolchain/13_3_Rel1/bin/../lib/gcc/arm-none-eabi/13.3.1/../../../../arm-none-eabi/lib/thumb/v6-m/nofp/libg.a(libc_a-tzlock.o)
                              /home/ninha/.pico-sdk/toolchain/13_3_Rel1/bin/../lib/gcc/arm-none-eabi/13.3.1/../../../../arm-none-eabi/lib/thumb/v6-m/nofp/libg.a(libc_a-lcltime_r.o) (__tz_lock)
/home/ninha/.pico-sdk/toolchain/13_3_Rel1/bin/../lib/gcc/arm-none-eabi/13.3.1/../../../../arm-none-eabi/lib/thumb/v6-m/nofp/libg.a(libc_a-tzset.o)
                              /home/ninha/.pico-sdk/toolchain/13_3_Rel1/bin/../lib/gcc/arm-none-eabi/13.3.1/../../../../arm-none-eabi/lib/thumb/v6-m/nofp/libg.a(libc_a-lcltime_r.o) (_tzset_unlocked)
/home/ninha/.pico-sdk/toolchain/13_3_Rel1/bin/../lib/gcc/arm-none-eabi/13.3.1/../../../../arm-none-eabi/lib/thumb/v6-m/nofp/libg.a(libc_a-mlock.o)
                              /home/ninha/.pico-sdk/toolchain/13_3_Rel1/bin/../lib/gcc/arm-none-eabi/13.3.1/../../../../arm-none-eabi/lib/thumb/v6-m/nofp/libg.a(libc_a-mallocr.o) (__malloc_lock)
/home/ninha/.pico-sdk/toolchain/13_3_Rel1/bin/../lib/gcc/arm-none-eabi/13.3.1/../../../../arm-none-eabi/lib/thumb/v6-m/nofp/libg.a(libc_a-calloc.o)
                              CMakeFiles/Temporizador_Disparo.dir/home/ninha/.pico-sdk/sdk/2.1.0/src/rp2_common/pico_malloc/malloc.c.o (calloc)
/home/ninha/.pico-sdk/toolchain/13_3_Rel1/bin/../lib/gcc/arm-none-eabi/13.3.1/../../../../arm-none-eabi/lib/thumb/v6-m/nofp/libg.a(libc_a-memcmp.o)
                              CMakeFiles/Temporizador_Disparo.dir/home/ninha/.pico-sdk/sdk/2.1.0/src/rp2_common/pico_atomic/atomic.c.o (memcmp)
/home/ninha/.pico-sdk/toolchain/13_3_Rel1/bin/../lib/gcc/arm-none-eabi/13.3.1/../../../../arm-none-eabi/lib/thumb/v6-m/nofp/libg.a(libc_a-callocr.o)
                              /home/ninha/.pico-sdk/toolchain/13_3_Rel1/bin/../lib/gcc/arm-none-eabi/13.3.1/../../../../arm-none-eabi/lib/thumb/v6-m/nofp/libg.a(libc_a-calloc.o) (_calloc_r)
/home/ninha/.pico-sdk/toolchain/13_3_Rel1/bin/../lib/gcc/arm-none-eabi/13.3.1/../../../../arm-none-eabi/lib/thumb/v6-m/nofp/libg.a(libc_a-div.o)
[...]
Memory Configuration

Name             Origin             Length             Attributes
FLASH            0x10000000         0x00200000         xr
RAM              0x20000000         0x00040000         xrw
SCRATCH_X        0x20040000         0x00001000         xrw
SCRATCH_Y        0x20041000         0x00001000         xrw
*default*        0x00000000         0xffffffff

Linker script and memory map

LOAD /home/ninha/.pico-sdk/toolchain/13_3_Rel1/bin/../lib/gcc/arm-none-eabi/13.3.1/thumb/v6-m/nofp/crti.o
LOAD /home/ninha/.pico-sdk/toolchain/13_3_Rel1/bin/../lib/gcc/arm-none-eabi/13.3.1/thumb/v6-m/nofp/crtbegin.o
LOAD /home/ninha/.pico-sdk/toolchain/13_3_Rel1/bin/../lib/gcc/arm-none-eabi/13.3.1/../../../../arm-none-eabi/lib/thumb/v6-m/nofp/crt0.o

.flash_begin    0x10000000        0x0
                0x10000000                        __flash_binary_start = .

.boot2          0x10000000      0x100
                0x10000000                        __boot2_start__ = .
 *(.boot2)
 .boot2         0x10000000      0x100 pico-sdk/src/rp2040/boot_stage2/CMakeFiles/bs2_default_library.dir/./bs2_default_padded_checksummed.S.o
                0x10000100                        __boot2_end__ = .
                0x00000001                        ASSERT (((__boot2_end__ - __boot2_start__) == 0x100), ERROR: Pico second stage bootloader must be 256 bytes in size)

.text           0x10000100     0x1590
                0x10000100                        __logical_binary_start = .
 *(.vectors)
 .vectors       0x10000100       0xd4 CMakeFiles/Temporizador_Disparo.dir/home/ninha/.pico-sdk/sdk/2.1.0/src/rp2_common/pico_crt0/crt0.S.o
                0x10000100                __vectors
                0x10000100                __VECTOR_TABLE
                0x100001c0                isr_invalid
                0x100001c0                __default_isrs_start
                0x100001c2                isr_nmi
                0x100001c4                isr_hardfault
                0x100001c6                isr_svcall
                0x100001c8                isr_pendsv
                0x100001ca                isr_systick
                0x100001cc                isr_irq30
                0x100001cc                __unhandled_user_irq
                0x100001cc                isr_irq13
                0x100001cc                isr_irq27
                0x100001cc                isr_irq31
                0x100001cc                isr_irq5
                0x100001cc                isr_irq11
                0x100001cc                isr_irq23
                0x100001cc                isr_irq18
                0x100001cc                isr_irq28
                0x100001cc                isr_irq19
                0x100001cc                isr_irq0
                0x100001cc                isr_irq6
                0x100001cc                isr_irq22
                0x100001cc                isr_irq17
                0x100001cc                isr_irq14
                0x100001cc                isr_irq2
                0x100001cc                isr_irq10
                0x100001cc                isr_irq8
                0x100001cc                isr_irq24
                0x100001cc                isr_irq1
                0x100001cc                isr_irq7
                0x100001cc                isr_irq21
                0x100001cc                isr_irq20
                0x100001cc                isr_irq15
                0x100001cc                isr_irq25
                0x100001cc                isr_irq4
                0x100001cc                isr_irq16
                0x100001cc                isr_irq29
                0x100001cc                isr_irq26
                0x100001cc                __default_isrs_end
                0x100001cc                isr_irq3
                0x100001cc                isr_irq12
                0x100001cc                isr_irq9
                0x100001d2                unhandled_user_irq_num_in_r0
 *(.binary_info_header)
 .binary_info_header
                0x100001d4       0x14 CMakeFiles/Temporizador_Disparo.dir/home/ninha/.pico-sdk/sdk/2.1.0/src/rp2_common/pico_crt0/crt0.S.o
                0x100001e8                        __binary_info_header_end = .
 *(.embedded_block)
                0x100001e8                        __embedded_block_end = .
 *(.reset)
 .reset         0x100001e8       0x9c CMakeFiles/Temporizador_Disparo.dir/home/ninha/.pico-sdk/sdk/2.1.0/src/rp2_common/pico_crt0/crt0.S.o
                0x100001e8                _entry_point
 *(.init)
 .init          0x10000284        0x4 /home/ninha/.pico-sdk/toolchain/13_3_Rel1/bin/../lib/gcc/arm-none-eabi/13.3.1/thumb/v6-m/nofp/crti.o
                0x10000284                _init
 *(EXCLUDE_FILE(*libm.a: *libc.a:*lib_a-mem*.o *libgcc.a:) .text*)
 .text.register_tm_clones
                0x10000288       0x28 /home/ninha/.pico-sdk/toolchain/13_3_Rel1/bin/../lib/gcc/arm-none-eabi/13.3.1/thumb/v6-m/nofp/crtbegin.o
 .text.frame_dummy
                0x100002b0       0x24 /home/ninha/.pico-sdk/toolchain/13_3_Rel1/bin/../lib/gcc/arm-none-eabi/13.3.1/thumb/v6-m/nofp/crtbegin.o
 .text.startup.main
                0x100002d4       0x1c CMakeFiles/Temporizador_Disparo.dir/Temporizador_Disparo.c.o
                0x100002d4                main
 .text.panic    0x100002f0       0x30 CMakeFiles/Temporizador_Disparo.dir/home/ninha/.pico-sdk/sdk/2.1.0/src/rp2_common/pico_platform_panic/panic.c.o
                0x100002f0                panic
 .text.hw_claim_or_assert
                0x10000320       0x44 CMakeFiles/Temporizador_Disparo.dir/home/ninha/.pico-sdk/sdk/2.1.0/src/common/hardware_claim/claim.c.o
                0x10000320                hw_claim_or_assert
 .text.next_striped_spin_lock_num
                0x10000364       0x18 CMakeFiles/Temporizador_Disparo.dir/home/ninha/.pico-sdk/sdk/2.1.0/src/rp2_common/hardware_sync/sync.c.o
                0x10000364                next_striped_spin_lock_num
 .text.spin_locks_reset
                0x1000037c       0x1c CMakeFiles/Temporizador_Disparo.dir/home/ninha/.pico-sdk/sdk/2.1.0/src/rp2_common/hardware_sync_spin_lock/sync_spin_lock.c.o
                0x1000037c                spin_locks_reset
 .text.runtime_init_per_core_irq_priorities
                0x10000398       0x24 CMakeFiles/Temporizador_Disparo.dir/home/ninha/.pico-sdk/sdk/2.1.0/src/rp2_common/hardware_irq/irq.c.o
                0x10000398                runtime_init_per_core_irq_priorities
 .text.irq_set_enabled
                0x100003bc       0x24 CMakeFiles/Temporizador_Disparo.dir/home/ninha/.pico-sdk/sdk/2.1.0/src/rp2_common/hardware_irq/irq.c.o
                0x100003bc                irq_set_enabled
 .text.irq_set_exclusive_handler
                0x100003e0       0x54 CMakeFiles/Temporizador_Disparo.dir/home/ninha/.pico-sdk/sdk/2.1.0/src/rp2_common/hardware_irq/irq.c.o
                0x100003e0                irq_set_exclusive_handler
 .text.lock_init
                0x10000434       0x10 CMakeFiles/Temporizador_Disparo.dir/home/ninha/.pico-sdk/sdk/2.1.0/src/common/pico_sync/lock_core.c.o
                0x10000434                lock_init
 .text.runtime_init_mutex
                0x10000444       0x50 CMakeFiles/Temporizador_Disparo.dir/home/ninha/.pico-sdk/sdk/2.1.0/src/common/pico_sync/mutex.c.o
                0x10000444                runtime_init_mutex
 .text.sleep_until_callback
                0x10000494       0x30 CMakeFiles/Temporizador_Disparo.dir/home/ninha/.pico-sdk/sdk/2.1.0/src/common/pico_time/time.c.o
 .text.alarm_pool_irq_handler
                0x100004c4      0x2fc CMakeFiles/Temporizador_Disparo.dir/home/ninha/.pico-sdk/sdk/2.1.0/src/common/pico_time/time.c.o
 .text.runtime_init_default_alarm_pool
                0x100007c0       0xdc CMakeFiles/Temporizador_Disparo.dir/home/ninha/.pico-sdk/sdk/2.1.0/src/common/pico_time/time.c.o
                0x100007c0                runtime_init_default_alarm_pool
 .text.alarm_pool_add_alarm_at_force_in_context
                0x1000089c       0xb0 CMakeFiles/Temporizador_Disparo.dir/home/ninha/.pico-sdk/sdk/2.1.0/src/common/pico_time/time.c.o
                0x1000089c                alarm_pool_add_alarm_at_force_in_context
 .text.alarm_pool_cancel_alarm
                0x1000094c       0x74 CMakeFiles/Temporizador_Disparo.dir/home/ninha/.pico-sdk/sdk/2.1.0/src/common/pico_time/time.c.o
                0x1000094c                alarm_pool_cancel_alarm
 .text.sleep_until
                0x100009c0       0xd8 CMakeFiles/Temporizador_Disparo.dir/home/ninha/.pico-sdk/sdk/2.1.0/src/common/pico_time/time.c.o
                0x100009c0                sleep_until
 .text.sleep_ms
                0x10000a98       0x38 CMakeFiles/Temporizador_Disparo.dir/home/ninha/.pico-sdk/sdk/2.1.0/src/common/pico_time/time.c.o
                0x10000a98                sleep_ms
 .text.best_effort_wfe_or_timeout
                0x10000ad0       0xe0 CMakeFiles/Temporizador_Disparo.dir/home/ninha/.pico-sdk/sdk/2.1.0/src/common/pico_time/time.c.o
                0x10000ad0                best_effort_wfe_or_timeout
 .text.timer_hardware_alarm_claim
                0x10000bb0       0x14 CMakeFiles/Temporizador_Disparo.dir/home/ninha/.pico-sdk/sdk/2.1.0/src/rp2_common/hardware_timer/timer.c.o
                0x10000bb0                timer_hardware_alarm_claim
 .text.timer_time_us_64
                0x10000bc4       0x10 CMakeFiles/Temporizador_Disparo.dir/home/ninha/.pico-sdk/sdk/2.1.0/src/rp2_common/hardware_timer/timer.c.o
                0x10000bc4                timer_time_us_64
 .text.time_us_64
                0x10000bd4       0x14 CMakeFiles/Temporizador_Disparo.dir/home/ninha/.pico-sdk/sdk/2.1.0/src/rp2_common/hardware_timer/timer.c.o
                0x10000bd4                time_us_64
 .text.busy_wait_until
                0x10000be8       0x20 CMakeFiles/Temporizador_Disparo.dir/home/ninha/.pico-sdk/sdk/2.1.0/src/rp2_common/hardware_timer/timer.c.o
                0x10000be8                busy_wait_until
 .text.clock_configure_int_divider
                0x10000c08       0xf4 CMakeFiles/Temporizador_Disparo.dir/home/ninha/.pico-sdk/sdk/2.1.0/src/rp2_common/hardware_clocks/clocks.c.o
                0x10000c08                clock_configure_int_divider
 .text.clock_configure_undivided
                0x10000cfc       0xe8 CMakeFiles/Temporizador_Disparo.dir/home/ninha/.pico-sdk/sdk/2.1.0/src/rp2_common/hardware_clocks/clocks.c.o
                0x10000cfc                clock_configure_undivided
 .text.clock_get_hz
                0x10000de4        0xc CMakeFiles/Temporizador_Disparo.dir/home/ninha/.pico-sdk/sdk/2.1.0/src/rp2_common/hardware_clocks/clocks.c.o
                0x10000de4                clock_get_hz
 .text.pll_init
                0x10000df0       0xa4 CMakeFiles/Temporizador_Disparo.dir/home/ninha/.pico-sdk/sdk/2.1.0/src/rp2_common/hardware_pll/pll.c.o
                0x10000df0                pll_init
 .text.tick_start
                0x10000e94       0x10 CMakeFiles/Temporizador_Disparo.dir/home/ninha/.pico-sdk/sdk/2.1.0/src/rp2_common/hardware_ticks/ticks.c.o
                0x10000e94                tick_start
 .text.rom_func_lookup
                0x10000ea4       0x10 CMakeFiles/Temporizador_Disparo.dir/home/ninha/.pico-sdk/sdk/2.1.0/src/rp2_common/pico_bootrom/bootrom.c.o
                0x10000ea4                rom_func_lookup
 .text.rom_data_lookup
                0x10000eb4       0x10 CMakeFiles/Temporizador_Disparo.dir/home/ninha/.pico-sdk/sdk/2.1.0/src/rp2_common/pico_bootrom/bootrom.c.o
                0x10000eb4                rom_data_lookup
 .text.rom_funcs_lookup
                0x10000ec4       0x44 CMakeFiles/Temporizador_Disparo.dir/home/ninha/.pico-sdk/sdk/2.1.0/src/rp2_common/pico_bootrom/bootrom.c.o
                0x10000ec4                rom_funcs_lookup
 .text.xosc_init
                0x10000f08       0x28 CMakeFiles/Temporizador_Disparo.dir/home/ninha/.pico-sdk/sdk/2.1.0/src/rp2_common/hardware_xosc/xosc.c.o
                0x10000f08                xosc_init
 .text.first_per_core_initializer
                0x10000f30        0x4 CMakeFiles/Temporizador_Disparo.dir/home/ninha/.pico-sdk/sdk/2.1.0/src/rp2_common/pico_runtime/runtime.c.o
 .text.hard_assertion_failure
                0x10000f34        0xc CMakeFiles/Temporizador_Disparo.dir/home/ninha/.pico-sdk/sdk/2.1.0/src/rp2_common/pico_runtime/runtime.c.o
                0x10000f34                hard_assertion_failure
 .text.runtime_run_initializers
                0x10000f40       0x28 CMakeFiles/Temporizador_Disparo.dir/home/ninha/.pico-sdk/sdk/2.1.0/src/rp2_common/pico_runtime/runtime.c.o
                0x10000f40                runtime_run_initializers
 .text.runtime_init_early_resets
                0x10000f68       0x2c CMakeFiles/Temporizador_Disparo.dir/home/ninha/.pico-sdk/sdk/2.1.0/src/rp2_common/pico_runtime_init/runtime_init.c.o
                0x10000f68                runtime_init_early_resets
 .text.runtime_init_usb_power_down
                0x10000f94       0x1c CMakeFiles/Temporizador_Disparo.dir/home/ninha/.pico-sdk/sdk/2.1.0/src/rp2_common/pico_runtime_init/runtime_init.c.o
                0x10000f94                runtime_init_usb_power_down
 .text.runtime_init_post_clock_resets
                0x10000fb0       0x20 CMakeFiles/Temporizador_Disparo.dir/home/ninha/.pico-sdk/sdk/2.1.0/src/rp2_common/pico_runtime_init/runtime_init.c.o
                0x10000fb0                runtime_init_post_clock_resets
 .text.runtime_init_rp2040_gpio_ie_disable
                0x10000fd0       0x14 CMakeFiles/Temporizador_Disparo.dir/home/ninha/.pico-sdk/sdk/2.1.0/src/rp2_common/pico_runtime_init/runtime_init.c.o
                0x10000fd0                runtime_init_rp2040_gpio_ie_disable
 .text.runtime_init_spin_locks_reset
                0x10000fe4        0x8 CMakeFiles/Temporizador_Disparo.dir/home/ninha/.pico-sdk/sdk/2.1.0/src/rp2_common/pico_runtime_init/runtime_init.c.o
                0x10000fe4                runtime_init_spin_locks_reset
 .text.runtime_init_install_ram_vector_table
                0x10000fec       0x1c CMakeFiles/Temporizador_Disparo.dir/home/ninha/.pico-sdk/sdk/2.1.0/src/rp2_common/pico_runtime_init/runtime_init.c.o
                0x10000fec                runtime_init_install_ram_vector_table
 .text.runtime_init_clocks
                0x10001008       0xd8 CMakeFiles/Temporizador_Disparo.dir/home/ninha/.pico-sdk/sdk/2.1.0/src/rp2_common/pico_runtime_init/runtime_init_clocks.c.o
                0x10001008                runtime_init_clocks
 .text          0x100010e0       0x10 CMakeFiles/Temporizador_Disparo.dir/home/ninha/.pico-sdk/sdk/2.1.0/src/rp2_common/pico_bit_ops/bit_ops_aeabi.S.o
 .text.__wrap___aeabi_uidiv
                0x100010f0       0x4c CMakeFiles/Temporizador_Disparo.dir/home/ninha/.pico-sdk/sdk/2.1.0/src/rp2_common/pico_divider/divider_hardware.S.o
                0x100010f0                __wrap___aeabi_uidiv
                0x100010f0                __wrap___aeabi_uidivmod
                0x100010f0                div_u32u32
                0x100010f0                divmod_u32u32
                0x100010f8                divmod_u32u32_unsafe
                0x10001120                divmod_u32u32_savestate
 .text.missing_double_func_shim
                0x1000113c        0xc CMakeFiles/Temporizador_Disparo.dir/home/ninha/.pico-sdk/sdk/2.1.0/src/rp2_common/pico_double/double_init_rom_rp2040.c.o
 .text.__aeabi_double_init
                0x10001148       0xa0 CMakeFiles/Temporizador_Disparo.dir/home/ninha/.pico-sdk/sdk/2.1.0/src/rp2_common/pico_double/double_init_rom_rp2040.c.o
                0x10001148                __aeabi_double_init
 .text.double_table_shim_on_use_helper
                0x100011e8       0x2c CMakeFiles/Temporizador_Disparo.dir/home/ninha/.pico-sdk/sdk/2.1.0/src/rp2_common/pico_double/double_v1_rom_shim_rp2040.S.o
                0x100011e8                double_table_shim_on_use_helper
 .text.__aeabi_lmul
                0x10001214       0x32 CMakeFiles/Temporizador_Disparo.dir/home/ninha/.pico-sdk/sdk/2.1.0/src/rp2_common/pico_int64_ops/pico_int64_ops_aeabi.S.o
                0x10001214                __wrap___aeabi_lmul
 *fill*         0x10001246        0x2 
 .text.missing_float_func_shim
                0x10001248        0xc CMakeFiles/Temporizador_Disparo.dir/home/ninha/.pico-sdk/sdk/2.1.0/src/rp2_common/pico_float/float_init_rom_rp2040.c.o
 .text.__aeabi_float_init
                0x10001254       0x5c CMakeFiles/Temporizador_Disparo.dir/home/ninha/.pico-sdk/sdk/2.1.0/src/rp2_common/pico_float/float_init_rom_rp2040.c.o
                0x10001254                __aeabi_float_init
 .text          0x100012b0       0x10 CMakeFiles/Temporizador_Disparo.dir/home/ninha/.pico-sdk/sdk/2.1.0/src/rp2_common/pico_mem_ops/mem_ops_aeabi.S.o
                0x100012b0                __aeabi_mem_init
 .text.memcpy   0x100012c0        0xc CMakeFiles/Temporizador_Disparo.dir/home/ninha/.pico-sdk/sdk/2.1.0/src/rp2_common/pico_mem_ops/mem_ops_aeabi.S.o
                0x100012c0                __wrap___aeabi_memcpy
                0x100012c0                __wrap_memcpy
 .text._out_char
                0x100012cc       0x10 CMakeFiles/Temporizador_Disparo.dir/home/ninha/.pico-sdk/sdk/2.1.0/src/rp2_common/pico_printf/printf.c.o
 .text.weak_raw_vprintf
                0x100012dc       0x30 CMakeFiles/Temporizador_Disparo.dir/home/ninha/.pico-sdk/sdk/2.1.0/src/rp2_common/pico_printf/printf.c.o
                0x100012dc                weak_raw_vprintf
 .text._exit    0x1000130c        0x4 CMakeFiles/Temporizador_Disparo.dir/home/ninha/.pico-sdk/sdk/2.1.0/src/rp2_common/pico_clib_interface/newlib_interface.c.o
                0x1000130c                _exit
 .text.exit     0x10001310        0x8 CMakeFiles/Temporizador_Disparo.dir/home/ninha/.pico-sdk/sdk/2.1.0/src/rp2_common/pico_clib_interface/newlib_interface.c.o
                0x10001310                exit
 .text.runtime_init
                0x10001318       0x2c CMakeFiles/Temporizador_Disparo.dir/home/ninha/.pico-sdk/sdk/2.1.0/src/rp2_common/pico_clib_interface/newlib_interface.c.o
                0x10001318                runtime_init
 .text.stdio_out_chars_no_crlf
                0x10001344       0x10 CMakeFiles/Temporizador_Disparo.dir/home/ninha/.pico-sdk/sdk/2.1.0/src/rp2_common/pico_stdio/stdio.c.o
 .text.stdio_out_chars_crlf
                0x10001354       0x94 CMakeFiles/Temporizador_Disparo.dir/home/ninha/.pico-sdk/sdk/2.1.0/src/rp2_common/pico_stdio/stdio.c.o
 .text.stdio_put_string
                0x100013e8      0x100 CMakeFiles/Temporizador_Disparo.dir/home/ninha/.pico-sdk/sdk/2.1.0/src/rp2_common/pico_stdio/stdio.c.o
                0x100013e8                stdio_put_string
 .text.stdio_init_all
                0x100014e8        0x4 CMakeFiles/Temporizador_Disparo.dir/home/ninha/.pico-sdk/sdk/2.1.0/src/rp2_common/pico_stdio/stdio.c.o
                0x100014e8                stdio_init_all
 .text.__wrap_putchar
                0x100014ec       0x98 CMakeFiles/Temporizador_Disparo.dir/home/ninha/.pico-sdk/sdk/2.1.0/src/rp2_common/pico_stdio/stdio.c.o
                0x100014ec                stdio_putchar
                0x100014ec                __wrap_putchar
 .text.__wrap_puts
                0x10001584       0x3c CMakeFiles/Temporizador_Disparo.dir/home/ninha/.pico-sdk/sdk/2.1.0/src/rp2_common/pico_stdio/stdio.c.o
                0x10001584                __wrap_puts
                0x10001584                stdio_puts
 .text.strlen   0x100015c0       0x5c /home/ninha/.pico-sdk/toolchain/13_3_Rel1/bin/../lib/gcc/arm-none-eabi/13.3.1/../../../../arm-none-eabi/lib/thumb/v6-m/nofp/libg.a(libc_a-strlen-stub.o)
                0x100015c0                strlen
 *(.fini)
 .fini          0x1000161c        0x4 /home/ninha/.pico-sdk/toolchain/13_3_Rel1/bin/../lib/gcc/arm-none-eabi/13.3.1/thumb/v6-m/nofp/crti.o
                0x1000161c                _fini
 .fini.__stub   0x10001620       0x30 linker stubs
 *crtbegin.o(.ctors)
 *crtbegin?.o(.ctors)
 *(EXCLUDE_FILE(*crtend.o *crtend?.o) .ctors)
 *(SORT_BY_NAME(.ctors.*))
 *(.ctors)
 *crtbegin.o(.dtors)
 *crtbegin?.o(.dtors)
 *(EXCLUDE_FILE(*crtend.o *crtend?.o) .dtors)
 *(SORT_BY_NAME(.dtors.*))
 *(.dtors)
                0x10001650                        . = ALIGN (0x4)
                0x10001650                        PROVIDE (__preinit_array_start = .)
 *(SORT_BY_NAME(.preinit_array.*))
 .preinit_array.00100
                0x10001650        0x4 CMakeFiles/Temporizador_Disparo.dir/home/ninha/.pico-sdk/sdk/2.1.0/src/rp2_common/pico_runtime_init/runtime_init.c.o
                0x10001650                __pre_init_runtime_init_early_resets
 .preinit_array.00101
                0x10001654        0x4 CMakeFiles/Temporizador_Disparo.dir/home/ninha/.pico-sdk/sdk/2.1.0/src/rp2_common/pico_runtime_init/runtime_init.c.o
                0x10001654                __pre_init_runtime_init_usb_power_down
 .preinit_array.00275
                0x10001658        0x4 CMakeFiles/Temporizador_Disparo.dir/home/ninha/.pico-sdk/sdk/2.1.0/src/rp2_common/pico_bit_ops/bit_ops_aeabi.S.o
 .preinit_array.00300
                0x1000165c        0x4 CMakeFiles/Temporizador_Disparo.dir/home/ninha/.pico-sdk/sdk/2.1.0/src/rp2_common/pico_mem_ops/mem_ops_aeabi.S.o
 .preinit_array.00350
                0x10001660        0x4 CMakeFiles/Temporizador_Disparo.dir/home/ninha/.pico-sdk/sdk/2.1.0/src/rp2_common/pico_double/double_aeabi_rp2040.S.o
 .preinit_array.00350
                0x10001664        0x4 CMakeFiles/Temporizador_Disparo.dir/home/ninha/.pico-sdk/sdk/2.1.0/src/rp2_common/pico_float/float_aeabi_rp2040.S.o
 .preinit_array.00500
                0x10001668        0x4 CMakeFiles/Temporizador_Disparo.dir/home/ninha/.pico-sdk/sdk/2.1.0/src/rp2_common/pico_runtime_init/runtime_init.c.o
                0x10001668                __pre_init_runtime_init_clocks
 .preinit_array.00600
                0x1000166c        0x4 CMakeFiles/Temporizador_Disparo.dir/home/ninha/.pico-sdk/sdk/2.1.0/src/rp2_common/pico_runtime_init/runtime_init.c.o
                0x1000166c                __pre_init_runtime_init_post_clock_resets
 .preinit_array.00700
                0x10001670        0x4 CMakeFiles/Temporizador_Disparo.dir/home/ninha/.pico-sdk/sdk/2.1.0/src/rp2_common/pico_runtime_init/runtime_init.c.o
                0x10001670                __pre_init_runtime_init_rp2040_gpio_ie_disable
 .preinit_array.01000
                0x10001674        0x4 CMakeFiles/Temporizador_Disparo.dir/home/ninha/.pico-sdk/sdk/2.1.0/src/rp2_common/pico_runtime_init/runtime_init.c.o
                0x10001674                __pre_init_runtime_init_spin_locks_reset
 .preinit_array.01100
                0x10001678        0x4 CMakeFiles/Temporizador_Disparo.dir/home/ninha/.pico-sdk/sdk/2.1.0/src/common/pico_sync/mutex.c.o
                0x10001678                __pre_init_runtime_init_mutex
 .preinit_array.10080
                0x1000167c        0x4 CMakeFiles/Temporizador_Disparo.dir/home/ninha/.pico-sdk/sdk/2.1.0/src/rp2_common/pico_runtime_init/runtime_init.c.o
                0x1000167c                __pre_init_runtime_init_install_ram_vector_table
 .preinit_array.11000
                0x10001680        0x4 CMakeFiles/Temporizador_Disparo.dir/home/ninha/.pico-sdk/sdk/2.1.0/src/common/pico_time/time.c.o
                0x10001680                __pre_init_runtime_init_default_alarm_pool
 .preinit_array.YYYYY
                0x10001684        0x4 CMakeFiles/Temporizador_Disparo.dir/home/ninha/.pico-sdk/sdk/2.1.0/src/rp2_common/pico_runtime/runtime.c.o
                0x10001684                __pre_init_first_per_core_initializer
 .preinit_array.ZZZZZ.01200
                0x10001688        0x4 CMakeFiles/Temporizador_Disparo.dir/home/ninha/.pico-sdk/sdk/2.1.0/src/rp2_common/hardware_irq/irq.c.o
                0x10001688                __pre_init_runtime_init_per_core_irq_priorities
 *(.preinit_array)
                0x1000168c                        PROVIDE (__preinit_array_end = .)
                0x1000168c                        . = ALIGN (0x4)
                0x1000168c                        PROVIDE (__init_array_start = .)
 *(SORT_BY_NAME(.init_array.*))
 *(.init_array)
 .init_array    0x1000168c        0x4 /home/ninha/.pico-sdk/toolchain/13_3_Rel1/bin/../lib/gcc/arm-none-eabi/13.3.1/thumb/v6-m/nofp/crtbegin.o
                0x10001690                        PROVIDE (__init_array_end = .)
                0x10001690                        . = ALIGN (0x4)
                [!provide]                        PROVIDE (__fini_array_start = .)
 *(SORT_BY_NAME(.fini_array.*))
 *(.fini_array)
                [!provide]                        PROVIDE (__fini_array_end = .)
 *(.eh_frame*)
 .eh_frame      0x10001690        0x0 /home/ninha/.pico-sdk/toolchain/13_3_Rel1/bin/../lib/gcc/arm-none-eabi/13.3.1/thumb/v6-m/nofp/crtbegin.o
                0x10001690                        . = ALIGN (0x4)

.glue_7         0x10001690        0x0
 .glue_7        0x10001690        0x0 linker stubs

.glue_7t        0x10001690        0x0
 .glue_7t       0x10001690        0x0 linker stubs

.vfp11_veneer   0x10001690        0x0
 .vfp11_veneer  0x10001690        0x0 linker stubs

.v4_bx          0x10001690        0x0
 .v4_bx         0x10001690        0x0 linker stubs

.iplt           0x10001690        0x0
 .iplt          0x10001690        0x0 /home/ninha/.pico-sdk/toolchain/13_3_Rel1/bin/../lib/gcc/arm-none-eabi/13.3.1/thumb/v6-m/nofp/crtbegin.o

.rodata         0x10001690      0x120
 *(EXCLUDE_FILE(*libm.a: *libc.a:*lib_a-mem*.o *libgcc.a:) .rodata*)
 .rodata.main.str1.4
                0x10001690       0xbc CMakeFiles/Temporizador_Disparo.dir/Temporizador_Disparo.c.o
                                  0xe (size before relaxing)
 .rodata.panic.str1.4
                0x1000174c       0x12 CMakeFiles/Temporizador_Disparo.dir/home/ninha/.pico-sdk/sdk/2.1.0/src/rp2_common/pico_platform_panic/panic.c.o
 .rodata.timer_hardware_alarm_claim.str1.4
                0x1000174c       0x22 CMakeFiles/Temporizador_Disparo.dir/home/ninha/.pico-sdk/sdk/2.1.0/src/rp2_common/hardware_timer/timer.c.o
 .rodata.hard_assertion_failure.str1.4
                0x1000174c        0xc CMakeFiles/Temporizador_Disparo.dir/home/ninha/.pico-sdk/sdk/2.1.0/src/rp2_common/pico_runtime/runtime.c.o
 .rodata.missing_double_func_shim.str1.4
                0x1000174c       0x18 CMakeFiles/Temporizador_Disparo.dir/home/ninha/.pico-sdk/sdk/2.1.0/src/rp2_common/pico_double/double_init_rom_rp2040.c.o
 .rodata.missing_float_func_shim.str1.4
                0x1000174c        0x1 CMakeFiles/Temporizador_Disparo.dir/home/ninha/.pico-sdk/sdk/2.1.0/src/rp2_common/pico_float/float_init_rom_rp2040.c.o
 .rodata.str1.4
                0x1000174c       0x50 CMakeFiles/Temporizador_Disparo.dir/home/ninha/.pico-sdk/sdk/2.1.0/src/rp2_common/pico_standard_binary_info/standard_binary_info.c.o
 .rodata.__bi_84
                0x1000174c        0xc CMakeFiles/Temporizador_Disparo.dir/home/ninha/.pico-sdk/sdk/2.1.0/src/rp2_common/pico_standard_binary_info/standard_binary_info.c.o
 .rodata.__bi_78
                0x10001758        0xc CMakeFiles/Temporizador_Disparo.dir/home/ninha/.pico-sdk/sdk/2.1.0/src/rp2_common/pico_standard_binary_info/standard_binary_info.c.o
 .rodata.__bi_60
                0x10001764        0xc CMakeFiles/Temporizador_Disparo.dir/home/ninha/.pico-sdk/sdk/2.1.0/src/rp2_common/pico_standard_binary_info/standard_binary_info.c.o
 .rodata.__bi_54
                0x10001770        0xc CMakeFiles/Temporizador_Disparo.dir/home/ninha/.pico-sdk/sdk/2.1.0/src/rp2_common/pico_standard_binary_info/standard_binary_info.c.o
 .rodata.__bi_48
                0x1000177c        0xc CMakeFiles/Temporizador_Disparo.dir/home/ninha/.pico-sdk/sdk/2.1.0/src/rp2_common/pico_standard_binary_info/standard_binary_info.c.o
 .rodata.__bi_42
                0x10001788        0xc CMakeFiles/Temporizador_Disparo.dir/home/ninha/.pico-sdk/sdk/2.1.0/src/rp2_common/pico_standard_binary_info/standard_binary_info.c.o
 .rodata.__bi_34
                0x10001794        0xc CMakeFiles/Temporizador_Disparo.dir/home/ninha/.pico-sdk/sdk/2.1.0/src/rp2_common/pico_standard_binary_info/standard_binary_info.c.o
 .rodata.__bi_26
                0x100017a0        0xc CMakeFiles/Temporizador_Disparo.dir/home/ninha/.pico-sdk/sdk/2.1.0/src/rp2_common/pico_standard_binary_info/standard_binary_info.c.o
 .rodata.crlf_str.0
                0x100017ac        0x2 CMakeFiles/Temporizador_Disparo.dir/home/ninha/.pico-sdk/sdk/2.1.0/src/rp2_common/pico_stdio/stdio.c.o
                0x100017b0                        . = ALIGN (0x4)
 *fill*         0x100017ae        0x2 
 *(SORT_BY_ALIGNMENT(SORT_BY_NAME(.flashdata*)))
                0x100017b0                        . = ALIGN (0x4)

.ARM.extab
 *(.ARM.extab* .gnu.linkonce.armextab.*)
                0x100017b0                        __exidx_start = .

.ARM.exidx
 *(.ARM.exidx* .gnu.linkonce.armexidx.*)
                0x100017b0                        __exidx_end = .
                0x100017b0                        . = ALIGN (0x4)
                0x100017b0                        __binary_info_start = .

.binary_info    0x100017b0       0x20
 *(.binary_info.keep.*)
 .binary_info.keep.__bi_ptr84
                0x100017b0        0x4 CMakeFiles/Temporizador_Disparo.dir/home/ninha/.pico-sdk/sdk/2.1.0/src/rp2_common/pico_standard_binary_info/standard_binary_info.c.o
 .binary_info.keep.__bi_ptr78
                0x100017b4        0x4 CMakeFiles/Temporizador_Disparo.dir/home/ninha/.pico-sdk/sdk/2.1.0/src/rp2_common/pico_standard_binary_info/standard_binary_info.c.o
 .binary_info.keep.__bi_ptr60
                0x100017b8        0x4 CMakeFiles/Temporizador_Disparo.dir/home/ninha/.pico-sdk/sdk/2.1.0/src/rp2_common/pico_standard_binary_info/standard_binary_info.c.o
 .binary_info.keep.__bi_ptr54
                0x100017bc        0x4 CMakeFiles/Temporizador_Disparo.dir/home/ninha/.pico-sdk/sdk/2.1.0/src/rp2_common/pico_standard_binary_info/standard_binary_info.c.o
 .binary_info.keep.__bi_ptr48
                0x100017c0        0x4 CMakeFiles/Temporizador_Disparo.dir/home/ninha/.pico-sdk/sdk/2.1.0/src/rp2_common/pico_standard_binary_info/standard_binary_info.c.o
 .binary_info.keep.__bi_ptr42
                0x100017c4        0x4 CMakeFiles/Temporizador_Disparo.dir/home/ninha/.pico-sdk/sdk/2.1.0/src/rp2_common/pico_standard_binary_info/standard_binary_info.c.o
 .binary_info.keep.__bi_ptr34
                0x100017c8        0x4 CMakeFiles/Temporizador_Disparo.dir/home/ninha/.pico-sdk/sdk/2.1.0/src/rp2_common/pico_standard_binary_info/standard_binary_info.c.o
 .binary_info.keep.__bi_ptr26
                0x100017cc        0x4 CMakeFiles/Temporizador_Disparo.dir/home/ninha/.pico-sdk/sdk/2.1.0/src/rp2_common/pico_standard_binary_info/standard_binary_info.c.o
 *(.binary_info.*)
                0x100017d0                        __binary_info_end = .

.rel.dyn        0x100017d0        0x0
 .rel.iplt      0x100017d0        0x0 /home/ninha/.pico-sdk/toolchain/13_3_Rel1/bin/../lib/gcc/arm-none-eabi/13.3.1/thumb/v6-m/nofp/crtbegin.o
                0x100017d0                        . = ALIGN (0x4)

.ram_vector_table
                0x20000000       0xc0
 *(.ram_vector_table)
 .ram_vector_table
                0x20000000       0xc0 CMakeFiles/Temporizador_Disparo.dir/home/ninha/.pico-sdk/sdk/2.1.0/src/rp2_common/pico_runtime_init/runtime_init.c.o
                0x20000000                ram_vector_table

.uninitialized_data
                0x200000c0        0x0
                0x200000c0                        . = ALIGN (0x4)
 *(.uninitialized_data*)

.data           0x200000c0      0x128 load address 0x100017d0
                0x200000c0                        __data_start__ = .
 *(vtable)
 *(.time_critical*)
 .time_critical.mutex_try_enter_block_until
                0x200000c0       0x9c CMakeFiles/Temporizador_Disparo.dir/home/ninha/.pico-sdk/sdk/2.1.0/src/common/pico_sync/mutex.c.o
                0x200000c0                mutex_try_enter_block_until
 .time_critical.mutex_exit
                0x2000015c       0x28 CMakeFiles/Temporizador_Disparo.dir/home/ninha/.pico-sdk/sdk/2.1.0/src/common/pico_sync/mutex.c.o
                0x2000015c                mutex_exit
 *(.text*)
 .text          0x20000184        0x4 /home/ninha/.pico-sdk/toolchain/13_3_Rel1/bin/../lib/gcc/arm-none-eabi/13.3.1/thumb/v6-m/nofp/libgcc.a(_dvmd_tls.o)
                0x20000184                __aeabi_ldiv0
                0x20000184                __aeabi_idiv0
 .text.__stub   0x20000188       0x10 linker stubs
                0x20000198                        . = ALIGN (0x4)
 *(.rodata*)
                0x20000198                        . = ALIGN (0x4)
 *(.data*)
 .data.striped_spin_lock_num
                0x20000198        0x1 CMakeFiles/Temporizador_Disparo.dir/home/ninha/.pico-sdk/sdk/2.1.0/src/rp2_common/hardware_sync/sync.c.o
 *fill*         0x20000199        0x3 
 .data.default_alarm_pool
                0x2000019c       0x18 CMakeFiles/Temporizador_Disparo.dir/home/ninha/.pico-sdk/sdk/2.1.0/src/common/pico_time/time.c.o
 *fill*         0x200001b4        0xc 
 .data.aeabi_bits_funcs
                0x200001c0       0x10 CMakeFiles/Temporizador_Disparo.dir/home/ninha/.pico-sdk/sdk/2.1.0/src/rp2_common/pico_bit_ops/bit_ops_aeabi.S.o
                0x200001c0                aeabi_bits_funcs
                0x200001d0                aeabi_bits_funcs_end
 .data.aeabi_mem_funcs
                0x200001d0       0x10 CMakeFiles/Temporizador_Disparo.dir/home/ninha/.pico-sdk/sdk/2.1.0/src/rp2_common/pico_mem_ops/mem_ops_aeabi.S.o
                0x200001d0                aeabi_mem_funcs
                0x200001e0                aeabi_mem_funcs_end
                0x200001e0                        . = ALIGN (0x4)
 *(.after_data.*)
                0x200001e0                        . = ALIGN (0x4)
                0x200001e0                        PROVIDE (__mutex_array_start = .)
 *(SORT_BY_NAME(.mutex_array.*))
 *(.mutex_array)
 .mutex_array   0x200001e0        0x8 CMakeFiles/Temporizador_Disparo.dir/home/ninha/.pico-sdk/sdk/2.1.0/src/rp2_common/pico_stdio/stdio.c.o
                0x200001e8                        PROVIDE (__mutex_array_end = .)
                0x200001e8                        . = ALIGN (0x4)
 *(.jcr)
                0x200001e8                        . = ALIGN (0x4)

.tm_clone_table
                0x200001e8        0x0 load address 0x100018f8
 .tm_clone_table
                0x200001e8        0x0 /home/ninha/.pico-sdk/toolchain/13_3_Rel1/bin/../lib/gcc/arm-none-eabi/13.3.1/thumb/v6-m/nofp/crtbegin.o
 .tm_clone_table
                0x200001e8        0x0 /home/ninha/.pico-sdk/toolchain/13_3_Rel1/bin/../lib/gcc/arm-none-eabi/13.3.1/thumb/v6-m/nofp/crtend.o

.igot.plt       0x200001e8        0x0 load address 0x100018f8
 .igot.plt      0x200001e8        0x0 /home/ninha/.pico-sdk/toolchain/13_3_Rel1/bin/../lib/gcc/arm-none-eabi/13.3.1/thumb/v6-m/nofp/crtbegin.o

.tdata          0x200001e8        0x0 load address 0x100018f8
                0x200001e8                        . = ALIGN (0x4)
 *(.tdata .tdata.* .gnu.linkonce.td.*)
                0x200001e8                        __tdata_end = .
                0x200001e8                        PROVIDE (__data_end__ = .)
                0x100017d0                        __etext = LOADADDR (.data)

.tbss           0x200001e8        0x0 load address 0x100018f8
                0x200001e8                        . = ALIGN (0x4)
                0x200001e8                        __bss_start__ = .
                0x200001e8                        __tls_base = .
 *(.tbss .tbss.* .gnu.linkonce.tb.*)
 *(.tcommon)
                0x200001e8                        __tls_end = .

.bss            0x200001e8      0x3e8 load address 0x100018f8
                0x200001e8                        . = ALIGN (0x4)
                0x200001e8                        __tbss_end = .
 *(SORT_BY_ALIGNMENT(SORT_BY_NAME(.bss*)))
 .bss.default_alarm_pool_entries
                0x200001e8      0x180 CMakeFiles/Temporizador_Disparo.dir/home/ninha/.pico-sdk/sdk/2.1.0/src/common/pico_time/time.c.o
 .bss.sd_table  0x20000368      0x100 CMakeFiles/Temporizador_Disparo.dir/home/ninha/.pico-sdk/sdk/2.1.0/src/rp2_common/pico_double/double_init_rom_rp2040.c.o
                0x20000368                sd_table
 .bss.claimed   0x20000468        0x1 CMakeFiles/Temporizador_Disparo.dir/home/ninha/.pico-sdk/sdk/2.1.0/src/rp2_common/hardware_timer/timer.c.o
 *fill*         0x20000469        0x3 
 .bss.configured_freq
                0x2000046c       0x28 CMakeFiles/Temporizador_Disparo.dir/home/ninha/.pico-sdk/sdk/2.1.0/src/rp2_common/hardware_clocks/clocks.c.o
 .bss.drivers   0x20000494        0x4 CMakeFiles/Temporizador_Disparo.dir/home/ninha/.pico-sdk/sdk/2.1.0/src/rp2_common/pico_stdio/stdio.c.o
 .bss.filter    0x20000498        0x4 CMakeFiles/Temporizador_Disparo.dir/home/ninha/.pico-sdk/sdk/2.1.0/src/rp2_common/pico_stdio/stdio.c.o
 .bss.lazy_vsnprintf
                0x2000049c        0x4 CMakeFiles/Temporizador_Disparo.dir/home/ninha/.pico-sdk/sdk/2.1.0/src/rp2_common/pico_printf/printf.c.o
 .bss.object.0  0x200004a0       0x18 /home/ninha/.pico-sdk/toolchain/13_3_Rel1/bin/../lib/gcc/arm-none-eabi/13.3.1/thumb/v6-m/nofp/crtbegin.o
 .bss.pools     0x200004b8       0x10 CMakeFiles/Temporizador_Disparo.dir/home/ninha/.pico-sdk/sdk/2.1.0/src/common/pico_time/time.c.o
 .bss.sf_clz_func
                0x200004c8        0x4 CMakeFiles/Temporizador_Disparo.dir/home/ninha/.pico-sdk/sdk/2.1.0/src/rp2_common/pico_double/double_init_rom_rp2040.c.o
                0x200004c8                sf_clz_func
 .bss.sf_table  0x200004cc      0x100 CMakeFiles/Temporizador_Disparo.dir/home/ninha/.pico-sdk/sdk/2.1.0/src/rp2_common/pico_float/float_init_rom_rp2040.c.o
                0x200004cc                sf_table
 .bss.sleep_notifier
                0x200005cc        0x4 CMakeFiles/Temporizador_Disparo.dir/home/ninha/.pico-sdk/sdk/2.1.0/src/common/pico_time/time.c.o
 *(COMMON)
                0x200005d0                        . = ALIGN (0x4)
                0x200005d0                        __bss_end__ = .

.heap           0x200005d0      0x800 load address 0x100018f8
                0x200005d0                        __end__ = .
                0x200005d0                        end = __end__
 *(.heap*)
 .heap          0x200005d0      0x800 CMakeFiles/Temporizador_Disparo.dir/home/ninha/.pico-sdk/sdk/2.1.0/src/rp2_common/pico_crt0/crt0.S.o
                0x20040000                        __HeapLimit = (ORIGIN (RAM) + LENGTH (RAM))

.scratch_x      0x20040000        0x0 load address 0x100018f8
                0x20040000                        __scratch_x_start__ = .
 *(.scratch_x.*)
                0x20040000                        . = ALIGN (0x4)
                0x20040000                        __scratch_x_end__ = .
                0x100018f8                        __scratch_x_source__ = LOADADDR (.scratch_x)

.scratch_y      0x20041000        0x0 load address 0x100018f8
                0x20041000                        __scratch_y_start__ = .
 *(.scratch_y.*)
                0x20041000                        . = ALIGN (0x4)
                0x20041000                        __scratch_y_end__ = .
                0x100018f8                        __scratch_y_source__ = LOADADDR (.scratch_y)

.stack1_dummy
 *(.stack1*)

.stack_dummy    0x20041000      0x800
 *(.stack*)
 .stack         0x20041000      0x800 CMakeFiles/Temporizador_Disparo.dir/home/ninha/.pico-sdk/sdk/2.1.0/src/rp2_common/pico_crt0/crt0.S.o

.flash_end      0x100018f8        0x0
 *(.embedded_end_block*)
                0x100018f8                        PROVIDE (__flash_binary_end = .)
                0x20040000                        __StackLimit = (ORIGIN (RAM) + LENGTH (RAM))
                0x20041000                        __StackOneTop = (ORIGIN (SCRATCH_X) + LENGTH (SCRATCH_X))
                0x20042000                        __StackTop = (ORIGIN (SCRATCH_Y) + LENGTH (SCRATCH_Y))
                0x20041000                        __StackOneBottom = (__StackOneTop - SIZEOF (.stack1_dummy))
                0x20041800                        __StackBottom = (__StackTop - SIZEOF (.stack_dummy))
                0x20042000                        PROVIDE (__stack = __StackTop)
                [!provide]                        PROVIDE (__heap_start = __end__)
                [!provide]                        PROVIDE (__heap_end = __HeapLimit)
                [!provide]                        PROVIDE (__tls_align = MAX (ALIGNOF (.tdata), ALIGNOF (.tbss)))
                [!provide]                        PROVIDE (__tls_size_align = (((__tls_size + __tls_align) - 0x1) & ~ ((__tls_align - 0x1))))
                [!provide]                        PROVIDE (__arm32_tls_tcb_offset = MAX (0x8, __tls_align))
                [!provide]                        PROVIDE (_end = __end__)
                [!provide]                        PROVIDE (__llvm_libc_heap_limit = __HeapLimit)
                0x00000001                        ASSERT ((__StackLimit >= __HeapLimit), region RAM overflowed)
                0x00000001                        ASSERT (((__binary_info_header_end - __logical_binary_start) <= 0x100), Binary info must be in first 256 bytes of the binary)
LOAD CMakeFiles/Temporizador_Disparo.dir/Temporizador_Disparo.c.o
LOAD CMakeFiles/Temporizador_Disparo.dir/home/ninha/.pico-sdk/sdk/2.1.0/src/rp2_common/pico_stdlib/stdlib.c.o
LOAD CMakeFiles/Temporizador_Disparo.dir/home/ninha/.pico-sdk/sdk/2.1.0/src/rp2_common/hardware_gpio/gpio.c.o
LOAD CMakeFiles/Temporizador_Disparo.dir/home/ninha/.pico-sdk/sdk/2.1.0/src/rp2040/pico_platform/platform.c.o
LOAD CMakeFiles/Temporizador_Disparo.dir/home/ninha/.pico-sdk/sdk/2.1.0/src/rp2_common/pico_platform_panic/panic.c.o
LOAD CMakeFiles/Temporizador_Disparo.dir/home/ninha/.pico-sdk/sdk/2.1.0/src/common/hardware_claim/claim.c.o
LOAD CMakeFiles/Temporizador_Disparo.dir/home/ninha/.pico-sdk/sdk/2.1.0/src/rp2_common/hardware_sync/sync.c.o
LOAD CMakeFiles/Temporizador_Disparo.dir/home/ninha/.pico-sdk/sdk/2.1.0/src/rp2_common/hardware_sync_spin_lock/sync_spin_lock.c.o
LOAD CMakeFiles/Temporizador_Disparo.dir/home/ninha/.pico-sdk/sdk/2.1.0/src/rp2_common/hardware_irq/irq.c.o
LOAD CMakeFiles/Temporizador_Disparo.dir/home/ninha/.pico-sdk/sdk/2.1.0/src/rp2_common/hardware_irq/irq_handler_chain.S.o
LOAD CMakeFiles/Temporizador_Disparo.dir/home/ninha/.pico-sdk/sdk/2.1.0/src/common/pico_sync/sem.c.o
LOAD CMakeFiles/Temporizador_Disparo.dir/home/ninha/.pico-sdk/sdk/2.1.0/src/common/pico_sync/lock_core.c.o
LOAD CMakeFiles/Temporizador_Disparo.dir/home/ninha/.pico-sdk/sdk/2.1.0/src/common/pico_sync/mutex.c.o
LOAD CMakeFiles/Temporizador_Disparo.dir/home/ninha/.pico-sdk/sdk/2.1.0/src/common/pico_sync/critical_section.c.o
LOAD CMakeFiles/Temporizador_Disparo.dir/home/ninha/.pico-sdk/sdk/2.1.0/src/common/pico_time/time.c.o
LOAD CMakeFiles/Temporizador_Disparo.dir/home/ninha/.pico-sdk/sdk/2.1.0/src/common/pico_time/timeout_helper.c.o
LOAD CMakeFiles/Temporizador_Disparo.dir/home/ninha/.pico-sdk/sdk/2.1.0/src/rp2_common/hardware_timer/timer.c.o
LOAD CMakeFiles/Temporizador_Disparo.dir/home/ninha/.pico-sdk/sdk/2.1.0/src/common/pico_util/datetime.c.o
LOAD CMakeFiles/Temporizador_Disparo.dir/home/ninha/.pico-sdk/sdk/2.1.0/src/common/pico_util/pheap.c.o
LOAD CMakeFiles/Temporizador_Disparo.dir/home/ninha/.pico-sdk/sdk/2.1.0/src/common/pico_util/queue.c.o
LOAD CMakeFiles/Temporizador_Disparo.dir/home/ninha/.pico-sdk/sdk/2.1.0/src/rp2_common/hardware_uart/uart.c.o
LOAD CMakeFiles/Temporizador_Disparo.dir/home/ninha/.pico-sdk/sdk/2.1.0/src/rp2_common/hardware_clocks/clocks.c.o
LOAD CMakeFiles/Temporizador_Disparo.dir/home/ninha/.pico-sdk/sdk/2.1.0/src/rp2_common/hardware_pll/pll.c.o
LOAD CMakeFiles/Temporizador_Disparo.dir/home/ninha/.pico-sdk/sdk/2.1.0/src/rp2_common/hardware_vreg/vreg.c.o
LOAD CMakeFiles/Temporizador_Disparo.dir/home/ninha/.pico-sdk/sdk/2.1.0/src/rp2_common/hardware_watchdog/watchdog.c.o
LOAD CMakeFiles/Temporizador_Disparo.dir/home/ninha/.pico-sdk/sdk/2.1.0/src/rp2_common/hardware_ticks/ticks.c.o
LOAD CMakeFiles/Temporizador_Disparo.dir/home/ninha/.pico-sdk/sdk/2.1.0/src/rp2_common/pico_bootrom/bootrom.c.o
LOAD CMakeFiles/Temporizador_Disparo.dir/home/ninha/.pico-sdk/sdk/2.1.0/src/rp2_common/pico_bootrom/bootrom_lock.c.o
LOAD CMakeFiles/Temporizador_Disparo.dir/home/ninha/.pico-sdk/sdk/2.1.0/src/rp2_common/hardware_boot_lock/boot_lock.c.o
LOAD CMakeFiles/Temporizador_Disparo.dir/home/ninha/.pico-sdk/sdk/2.1.0/src/rp2_common/pico_flash/flash.c.o
LOAD CMakeFiles/Temporizador_Disparo.dir/home/ninha/.pico-sdk/sdk/2.1.0/src/rp2_common/hardware_xosc/xosc.c.o
LOAD CMakeFiles/Temporizador_Disparo.dir/home/ninha/.pico-sdk/sdk/2.1.0/src/rp2_common/hardware_divider/divider.S.o
LOAD CMakeFiles/Temporizador_Disparo.dir/home/ninha/.pico-sdk/sdk/2.1.0/src/rp2_common/pico_runtime/runtime.c.o
LOAD CMakeFiles/Temporizador_Disparo.dir/home/ninha/.pico-sdk/sdk/2.1.0/src/rp2_common/pico_runtime_init/runtime_init.c.o
LOAD CMakeFiles/Temporizador_Disparo.dir/home/ninha/.pico-sdk/sdk/2.1.0/src/rp2_common/pico_runtime_init/runtime_init_clocks.c.o
LOAD CMakeFiles/Temporizador_Disparo.dir/home/ninha/.pico-sdk/sdk/2.1.0/src/rp2_common/pico_runtime_init/runtime_init_stack_guard.c.o
LOAD CMakeFiles/Temporizador_Disparo.dir/home/ninha/.pico-sdk/sdk/2.1.0/src/rp2_common/pico_bit_ops/bit_ops_aeabi.S.o
LOAD CMakeFiles/Temporizador_Disparo.dir/home/ninha/.pico-sdk/sdk/2.1.0/src/rp2_common/pico_divider/divider_hardware.S.o
LOAD CMakeFiles/Temporizador_Disparo.dir/home/ninha/.pico-sdk/sdk/2.1.0/src/rp2_common/pico_double/double_aeabi_rp2040.S.o
LOAD CMakeFiles/Temporizador_Disparo.dir/home/ninha/.pico-sdk/sdk/2.1.0/src/rp2_common/pico_double/double_init_rom_rp2040.c.o
LOAD CMakeFiles/Temporizador_Disparo.dir/home/ninha/.pico-sdk/sdk/2.1.0/src/rp2_common/pico_double/double_math.c.o
LOAD CMakeFiles/Temporizador_Disparo.dir/home/ninha/.pico-sdk/sdk/2.1.0/src/rp2_common/pico_double/double_v1_rom_shim_rp2040.S.o
LOAD CMakeFiles/Temporizador_Disparo.dir/home/ninha/.pico-sdk/sdk/2.1.0/src/rp2_common/pico_int64_ops/pico_int64_ops_aeabi.S.o
LOAD CMakeFiles/Temporizador_Disparo.dir/home/ninha/.pico-sdk/sdk/2.1.0/src/rp2_common/pico_float/float_aeabi_rp2040.S.o
LOAD CMakeFiles/Temporizador_Disparo.dir/home/ninha/.pico-sdk/sdk/2.1.0/src/rp2_common/pico_float/float_init_rom_rp2040.c.o
LOAD CMakeFiles/Temporizador_Disparo.dir/home/ninha/.pico-sdk/sdk/2.1.0/src/rp2_common/pico_float/float_math.c.o
LOAD CMakeFiles/Temporizador_Disparo.dir/home/ninha/.pico-sdk/sdk/2.1.0/src/rp2_common/pico_float/float_v1_rom_shim_rp2040.S.o
LOAD CMakeFiles/Temporizador_Disparo.dir/home/ninha/.pico-sdk/sdk/2.1.0/src/rp2_common/pico_malloc/malloc.c.o
LOAD CMakeFiles/Temporizador_Disparo.dir/home/ninha/.pico-sdk/sdk/2.1.0/src/rp2_common/pico_mem_ops/mem_ops_aeabi.S.o
LOAD CMakeFiles/Temporizador_Disparo.dir/home/ninha/.pico-sdk/sdk/2.1.0/src/rp2_common/pico_atomic/atomic.c.o
LOAD CMakeFiles/Temporizador_Disparo.dir/home/ninha/.pico-sdk/sdk/2.1.0/src/rp2_common/pico_cxx_options/new_delete.cpp.o
LOAD CMakeFiles/Temporizador_Disparo.dir/home/ninha/.pico-sdk/sdk/2.1.0/src/rp2_common/pico_standard_binary_info/standard_binary_info.c.o
LOAD CMakeFiles/Temporizador_Disparo.dir/home/ninha/.pico-sdk/sdk/2.1.0/src/rp2_common/pico_printf/printf.c.o
LOAD CMakeFiles/Temporizador_Disparo.dir/home/ninha/.pico-sdk/sdk/2.1.0/src/rp2_common/pico_crt0/crt0.S.o
LOAD CMakeFiles/Temporizador_Disparo.dir/home/ninha/.pico-sdk/sdk/2.1.0/src/rp2_common/pico_clib_interface/newlib_interface.c.o
LOAD CMakeFiles/Temporizador_Disparo.dir/home/ninha/.pico-sdk/sdk/2.1.0/src/rp2_common/pico_stdio/stdio.c.o
LOAD pico-sdk/src/rp2040/boot_stage2/CMakeFiles/bs2_default_library.dir/./bs2_default_padded_checksummed.S.o
LOAD /home/ninha/.pico-sdk/toolchain/13_3_Rel1/bin/../lib/gcc/arm-none-eabi/13.3.1/../../../../arm-none-eabi/lib/thumb/v6-m/nofp/libstdc++.a
LOAD /home/ninha/.pico-sdk/toolchain/13_3_Rel1/bin/../lib/gcc/arm-none-eabi/13.3.1/../../../../arm-none-eabi/lib/thumb/v6-m/nofp/libm.a
START GROUP
LOAD /home/ninha/.pico-sdk/toolchain/13_3_Rel1/bin/../lib/gcc/arm-none-eabi/13.3.1/thumb/v6-m/nofp/libgcc.a
LOAD /home/ninha/.pico-sdk/toolchain/13_3_Rel1/bin/../lib/gcc/arm-none-eabi/13.3.1/../../../../arm-none-eabi/lib/thumb/v6-m/nofp/libg.a
LOAD /home/ninha/.pico-sdk/toolchain/13_3_Rel1/bin/../lib/gcc/arm-none-eabi/13.3.1/../../../../arm-none-eabi/lib/thumb/v6-m/nofp/libc.a
END GROUP
START GROUP
LOAD /home/ninha/.pico-sdk/toolchain/13_3_Rel1/bin/../lib/gcc/arm-none-eabi/13.3.1/thumb/v6-m/nofp/libgcc.a
LOAD /home/ninha/.pico-sdk/toolchain/13_3_Rel1/bin/../lib/gcc/arm-none-eabi/13.3.1/../../../../arm-none-eabi/lib/thumb/v6-m/nofp/libc.a
LOAD /home/ninha/.pico-sdk/toolchain/13_3_Rel1/bin/../lib/gcc/arm-none-eabi/13.3.1/../../../../arm-none-eabi/lib/thumb/v6-m/nofp/libnosys.a
END GROUP
LOAD /home/ninha/.pico-sdk/toolchain/13_3_Rel1/bin/../lib/gcc/arm-none-eabi/13.3.1/thumb/v6-m/nofp/crtend.o
LOAD /home/ninha/.pico-sdk/toolchain/13_3_Rel1/bin/../lib/gcc/arm-none-eabi/13.3.1/thumb/v6-m/nofp/crtn.o
OUTPUT(Temporizador_Disparo.elf elf32-littlearm)
LOAD linker stubs

.ARM.attributes
                0x00000000       0x28
 .ARM.attributes
                0x00000000       0x1e /home/ninha/.pico-sdk/toolchain/13_3_Rel1/bin/../lib/gcc/arm-none-eabi/13.3.1/thumb/v6-m/nofp/crti.o
 .ARM.attributes
                0x0000001e       0x2c /home/ninha/.pico-sdk/toolchain/13_3_Rel1/bin/../lib/gcc/arm-none-eabi/13.3.1/thumb/v6-m/nofp/crtbegin.o
 .ARM.attributes
                0x0000004a       0x2c CMakeFiles/Temporizador_Disparo.dir/Temporizador_Disparo.c.o
 .ARM.attributes
                0x00000076       0x2c CMakeFiles/Temporizador_Disparo.dir/home/ninha/.pico-sdk/sdk/2.1.0/src/rp2_common/pico_platform_panic/panic.c.o
 .ARM.attributes
                0x000000a2       0x2c CMakeFiles/Temporizador_Disparo.dir/home/ninha/.pico-sdk/sdk/2.1.0/src/common/hardware_claim/claim.c.o
 .ARM.attributes
                0x000000ce       0x2c CMakeFiles/Temporizador_Disparo.dir/home/ninha/.pico-sdk/sdk/2.1.0/src/rp2_common/hardware_sync/sync.c.o
 .ARM.attributes
                0x000000fa       0x2c CMakeFiles/Temporizador_Disparo.dir/home/ninha/.pico-sdk/sdk/2.1.0/src/rp2_common/hardware_sync_spin_lock/sync_spin_lock.c.o
 .ARM.attributes
                0x00000126       0x2c CMakeFiles/Temporizador_Disparo.dir/home/ninha/.pico-sdk/sdk/2.1.0/src/rp2_common/hardware_irq/irq.c.o
 .ARM.attributes
                0x00000152       0x2c CMakeFiles/Temporizador_Disparo.dir/home/ninha/.pico-sdk/sdk/2.1.0/src/common/pico_sync/lock_core.c.o
 .ARM.attributes
                0x0000017e       0x2c CMakeFiles/Temporizador_Disparo.dir/home/ninha/.pico-sdk/sdk/2.1.0/src/common/pico_sync/mutex.c.o
 .ARM.attributes
                0x000001aa       0x2c CMakeFiles/Temporizador_Disparo.dir/home/ninha/.pico-sdk/sdk/2.1.0/src/common/pico_time/time.c.o
 .ARM.attributes
                0x000001d6       0x2c CMakeFiles/Temporizador_Disparo.dir/home/ninha/.pico-sdk/sdk/2.1.0/src/rp2_common/hardware_timer/timer.c.o
 .ARM.attributes
                0x00000202       0x2c CMakeFiles/Temporizador_Disparo.dir/home/ninha/.pico-sdk/sdk/2.1.0/src/rp2_common/hardware_clocks/clocks.c.o
 .ARM.attributes
                0x0000022e       0x2c CMakeFiles/Temporizador_Disparo.dir/home/ninha/.pico-sdk/sdk/2.1.0/src/rp2_common/hardware_pll/pll.c.o
 .ARM.attributes
                0x0000025a       0x2c CMakeFiles/Temporizador_Disparo.dir/home/ninha/.pico-sdk/sdk/2.1.0/src/rp2_common/hardware_ticks/ticks.c.o
 .ARM.attributes
                0x00000286       0x2c CMakeFiles/Temporizador_Disparo.dir/home/ninha/.pico-sdk/sdk/2.1.0/src/rp2_common/pico_bootrom/bootrom.c.o
 .ARM.attributes
                0x000002b2       0x2c CMakeFiles/Temporizador_Disparo.dir/home/ninha/.pico-sdk/sdk/2.1.0/src/rp2_common/hardware_xosc/xosc.c.o
 .ARM.attributes
                0x000002de       0x2c CMakeFiles/Temporizador_Disparo.dir/home/ninha/.pico-sdk/sdk/2.1.0/src/rp2_common/pico_runtime/runtime.c.o
 .ARM.attributes
                0x0000030a       0x2c CMakeFiles/Temporizador_Disparo.dir/home/ninha/.pico-sdk/sdk/2.1.0/src/rp2_common/pico_runtime_init/runtime_init.c.o
 .ARM.attributes
                0x00000336       0x2c CMakeFiles/Temporizador_Disparo.dir/home/ninha/.pico-sdk/sdk/2.1.0/src/rp2_common/pico_runtime_init/runtime_init_clocks.c.o
 .ARM.attributes
                0x00000362       0x22 CMakeFiles/Temporizador_Disparo.dir/home/ninha/.pico-sdk/sdk/2.1.0/src/rp2_common/pico_bit_ops/bit_ops_aeabi.S.o
 .ARM.attributes
                0x00000384       0x22 CMakeFiles/Temporizador_Disparo.dir/home/ninha/.pico-sdk/sdk/2.1.0/src/rp2_common/pico_divider/divider_hardware.S.o
 .ARM.attributes
                0x000003a6       0x22 CMakeFiles/Temporizador_Disparo.dir/home/ninha/.pico-sdk/sdk/2.1.0/src/rp2_common/pico_double/double_aeabi_rp2040.S.o
 .ARM.attributes
                0x000003c8       0x2c CMakeFiles/Temporizador_Disparo.dir/home/ninha/.pico-sdk/sdk/2.1.0/src/rp2_common/pico_double/double_init_rom_rp2040.c.o
 .ARM.attributes
                0x000003f4       0x22 CMakeFiles/Temporizador_Disparo.dir/home/ninha/.pico-sdk/sdk/2.1.0/src/rp2_common/pico_double/double_v1_rom_shim_rp2040.S.o
 .ARM.attributes
                0x00000416       0x22 CMakeFiles/Temporizador_Disparo.dir/home/ninha/.pico-sdk/sdk/2.1.0/src/rp2_common/pico_int64_ops/pico_int64_ops_aeabi.S.o
 .ARM.attributes
                0x00000438       0x22 CMakeFiles/Temporizador_Disparo.dir/home/ninha/.pico-sdk/sdk/2.1.0/src/rp2_common/pico_float/float_aeabi_rp2040.S.o
 .ARM.attributes
                0x0000045a       0x2c CMakeFiles/Temporizador_Disparo.dir/home/ninha/.pico-sdk/sdk/2.1.0/src/rp2_common/pico_float/float_init_rom_rp2040.c.o
 .ARM.attributes
                0x00000486       0x22 CMakeFiles/Temporizador_Disparo.dir/home/ninha/.pico-sdk/sdk/2.1.0/src/rp2_common/pico_mem_ops/mem_ops_aeabi.S.o
 .ARM.attributes
                0x000004a8       0x2c CMakeFiles/Temporizador_Disparo.dir/home/ninha/.pico-sdk/sdk/2.1.0/src/rp2_common/pico_standard_binary_info/standard_binary_info.c.o
 .ARM.attributes
                0x000004d4       0x2c CMakeFiles/Temporizador_Disparo.dir/home/ninha/.pico-sdk/sdk/2.1.0/src/rp2_common/pico_printf/printf.c.o
 .ARM.attributes
                0x00000500       0x22 CMakeFiles/Temporizador_Disparo.dir/home/ninha/.pico-sdk/sdk/2.1.0/src/rp2_common/pico_crt0/crt0.S.o
 .ARM.attributes
                0x00000522       0x2c CMakeFiles/Temporizador_Disparo.dir/home/ninha/.pico-sdk/sdk/2.1.0/src/rp2_common/pico_clib_interface/newlib_interface.c.o
 .ARM.attributes
                0x0000054e       0x2c CMakeFiles/Temporizador_Disparo.dir/home/ninha/.pico-sdk/sdk/2.1.0/src/rp2_common/pico_stdio/stdio.c.o
 .ARM.attributes
                0x0000057a       0x22 pico-sdk/src/rp2040/boot_stage2/CMakeFiles/bs2_default_library.dir/./bs2_default_padded_checksummed.S.o
 .ARM.attributes
                0x0000059c       0x1e /home/ninha/.pico-sdk/toolchain/13_3_Rel1/bin/../lib/gcc/arm-none-eabi/13.3.1/thumb/v6-m/nofp/libgcc.a(_dvmd_tls.o)
 .ARM.attributes
                0x000005ba       0x2c /home/ninha/.pico-sdk/toolchain/13_3_Rel1/bin/../lib/gcc/arm-none-eabi/13.3.1/../../../../arm-none-eabi/lib/thumb/v6-m/nofp/libg.a(libc_a-strlen-stub.o)
 .ARM.attributes
                0x000005e6       0x2c /home/ninha/.pico-sdk/toolchain/13_3_Rel1/bin/../lib/gcc/arm-none-eabi/13.3.1/thumb/v6-m/nofp/crtend.o

.comment        0x00000000       0x45
 .comment       0x00000000       0x45 CMakeFiles/Temporizador_Disparo.dir/Temporizador_Disparo.c.o
                                 0x46 (size before relaxing)
 .comment       0x00000045       0x46 CMakeFiles/Temporizador_Disparo.dir/home/ninha/.pico-sdk/sdk/2.1.0/src/rp2_common/pico_platform_panic/panic.c.o
 .comment       0x00000045       0x46 CMakeFiles/Temporizador_Disparo.dir/home/ninha/.pico-sdk/sdk/2.1.0/src/common/hardware_claim/claim.c.o
 .comment       0x00000045       0x46 CMakeFiles/Temporizador_Disparo.dir/home/ninha/.pico-sdk/sdk/2.1.0/src/rp2_common/hardware_sync/sync.c.o
 .comment       0x00000045       0x46 CMakeFiles/Temporizador_Disparo.dir/home/ninha/.pico-sdk/sdk/2.1.0/src/rp2_common/hardware_sync_spin_lock/sync_spin_lock.c.o
 .comment       0x00000045       0x46 CMakeFiles/Temporizador_Disparo.dir/home/ninha/.pico-sdk/sdk/2.1.0/src/rp2_common/hardware_irq/irq.c.o
 .comment       0x00000045       0x46 CMakeFiles/Temporizador_Disparo.dir/home/ninha/.pico-sdk/sdk/2.1.0/src/common/pico_sync/lock_core.c.o
 .comment       0x00000045       0x46 CMakeFiles/Temporizador_Disparo.dir/home/ninha/.pico-sdk/sdk/2.1.0/src/common/pico_sync/mutex.c.o
 .comment       0x00000045       0x46 CMakeFiles/Temporizador_Disparo.dir/home/ninha/.pico-sdk/sdk/2.1.0/src/common/pico_time/time.c.o
 .comment       0x00000045       0x46 CMakeFiles/Temporizador_Disparo.dir/home/ninha/.pico-sdk/sdk/2.1.0/src/rp2_common/hardware_timer/timer.c.o
 .comment       0x00000045       0x46 CMakeFiles/Temporizador_Disparo.dir/home/ninha/.pico-sdk/sdk/2.1.0/src/rp2_common/hardware_clocks/clocks.c.o
 .comment       0x00000045       0x46 CMakeFiles/Temporizador_Disparo.dir/home/ninha/.pico-sdk/sdk/2.1.0/src/rp2_common/hardware_pll/pll.c.o
 .comment       0x00000045       0x46 CMakeFiles/Temporizador_Disparo.dir/home/ninha/.pico-sdk/sdk/2.1.0/src/rp2_common/hardware_ticks/ticks.c.o
 .comment       0x00000045       0x46 CMakeFiles/Temporizador_Disparo.dir/home/ninha/.pico-sdk/sdk/2.1.0/src/rp2_common/pico_bootrom/bootrom.c.o
 .comment       0x00000045       0x46 CMakeFiles/Temporizador_Disparo.dir/home/ninha/.pico-sdk/sdk/2.1.0/src/rp2_common/hardware_xosc/xosc.c.o
 .comment       0x00000045       0x46 CMakeFiles/Temporizador_Disparo.dir/home/ninha/.pico-sdk/sdk/2.1.0/src/rp2_common/pico_runtime/runtime.c.o
 .comment       0x00000045       0x46 CMakeFiles/Temporizador_Disparo.dir/home/ninha/.pico-sdk/sdk/2.1.0/src/rp2_common/pico_runtime_init/runtime_init.c.o
 .comment       0x00000045       0x46 CMakeFiles/Temporizador_Disparo.dir/home/ninha/.pico-sdk/sdk/2.1.0/src/rp2_common/pico_runtime_init/runtime_init_clocks.c.o
 .comment       0x00000045       0x46 CMakeFiles/Temporizador_Disparo.dir/home/ninha/.pico-sdk/sdk/2.1.0/src/rp2_common/pico_double/double_init_rom_rp2040.c.o
 .comment       0x00000045       0x46 CMakeFiles/Temporizador_Disparo.dir/home/ninha/.pico-sdk/sdk/2.1.0/src/rp2_common/pico_float/float_init_rom_rp2040.c.o
 .comment       0x00000045       0x46 CMakeFiles/Temporizador_Disparo.dir/home/ninha/.pico-sdk/sdk/2.1.0/src/rp2_common/pico_standard_binary_info/standard_binary_info.c.o
 .comment       0x00000045       0x46 CMakeFiles/Temporizador_Disparo.dir/home/ninha/.pico-sdk/sdk/2.1.0/src/rp2_common/pico_printf/printf.c.o
 .comment       0x00000045       0x46 CMakeFiles/Temporizador_Disparo.dir/home/ninha/.pico-sdk/sdk/2.1.0/src/rp2_common/pico_clib_interface/newlib_interface.c.o
 .comment       0x00000045       0x46 CMakeFiles/Temporizador_Disparo.dir/home/ninha/.pico-sdk/sdk/2.1.0/src/rp2_common/pico_stdio/stdio.c.o

.debug_info     0x00000000    0x16c8c
 .debug_info    0x00000000      0x10d CMakeFiles/Temporizador_Disparo.dir/Temporizador_Disparo.c.o
 .debug_info    0x0000010d      0x1bf CMakeFiles/Temporizador_Disparo.dir/home/ninha/.pico-sdk/sdk/2.1.0/src/rp2_common/pico_platform_panic/panic.c.o
 .debug_info    0x000002cc      0x995 CMakeFiles/Temporizador_Disparo.dir/home/ninha/.pico-sdk/sdk/2.1.0/src/common/hardware_claim/claim.c.o
 .debug_info    0x00000c61      0x458 CMakeFiles/Temporizador_Disparo.dir/home/ninha/.pico-sdk/sdk/2.1.0/src/rp2_common/hardware_sync/sync.c.o
 .debug_info    0x000010b9      0x245 CMakeFiles/Temporizador_Disparo.dir/home/ninha/.pico-sdk/sdk/2.1.0/src/rp2_common/hardware_sync_spin_lock/sync_spin_lock.c.o
 .debug_info    0x000012fe     0x21a8 CMakeFiles/Temporizador_Disparo.dir/home/ninha/.pico-sdk/sdk/2.1.0/src/rp2_common/hardware_irq/irq.c.o
 .debug_info    0x000034a6      0x15f CMakeFiles/Temporizador_Disparo.dir/home/ninha/.pico-sdk/sdk/2.1.0/src/common/pico_sync/lock_core.c.o
 .debug_info    0x00003605     0x2803 CMakeFiles/Temporizador_Disparo.dir/home/ninha/.pico-sdk/sdk/2.1.0/src/common/pico_sync/mutex.c.o
 .debug_info    0x00005e08     0x485e CMakeFiles/Temporizador_Disparo.dir/home/ninha/.pico-sdk/sdk/2.1.0/src/common/pico_time/time.c.o
 .debug_info    0x0000a666     0x2b11 CMakeFiles/Temporizador_Disparo.dir/home/ninha/.pico-sdk/sdk/2.1.0/src/rp2_common/hardware_timer/timer.c.o
 .debug_info    0x0000d177     0x2935 CMakeFiles/Temporizador_Disparo.dir/home/ninha/.pico-sdk/sdk/2.1.0/src/rp2_common/hardware_clocks/clocks.c.o
 .debug_info    0x0000faac      0x4e5 CMakeFiles/Temporizador_Disparo.dir/home/ninha/.pico-sdk/sdk/2.1.0/src/rp2_common/hardware_pll/pll.c.o
 .debug_info    0x0000ff91      0x248 CMakeFiles/Temporizador_Disparo.dir/home/ninha/.pico-sdk/sdk/2.1.0/src/rp2_common/hardware_ticks/ticks.c.o
 .debug_info    0x000101d9      0x633 CMakeFiles/Temporizador_Disparo.dir/home/ninha/.pico-sdk/sdk/2.1.0/src/rp2_common/pico_bootrom/bootrom.c.o
 .debug_info    0x0001080c      0x1cc CMakeFiles/Temporizador_Disparo.dir/home/ninha/.pico-sdk/sdk/2.1.0/src/rp2_common/hardware_xosc/xosc.c.o
 .debug_info    0x000109d8      0x21a CMakeFiles/Temporizador_Disparo.dir/home/ninha/.pico-sdk/sdk/2.1.0/src/rp2_common/pico_runtime/runtime.c.o
 .debug_info    0x00010bf2      0x795 CMakeFiles/Temporizador_Disparo.dir/home/ninha/.pico-sdk/sdk/2.1.0/src/rp2_common/pico_runtime_init/runtime_init.c.o
 .debug_info    0x00011387      0x780 CMakeFiles/Temporizador_Disparo.dir/home/ninha/.pico-sdk/sdk/2.1.0/src/rp2_common/pico_runtime_init/runtime_init_clocks.c.o
 .debug_info    0x00011b07       0x23 CMakeFiles/Temporizador_Disparo.dir/home/ninha/.pico-sdk/sdk/2.1.0/src/rp2_common/pico_bit_ops/bit_ops_aeabi.S.o
 .debug_info    0x00011b2a       0x23 CMakeFiles/Temporizador_Disparo.dir/home/ninha/.pico-sdk/sdk/2.1.0/src/rp2_common/pico_divider/divider_hardware.S.o
 .debug_info    0x00011b4d       0x23 CMakeFiles/Temporizador_Disparo.dir/home/ninha/.pico-sdk/sdk/2.1.0/src/rp2_common/pico_double/double_aeabi_rp2040.S.o
 .debug_info    0x00011b70      0x2d0 CMakeFiles/Temporizador_Disparo.dir/home/ninha/.pico-sdk/sdk/2.1.0/src/rp2_common/pico_double/double_init_rom_rp2040.c.o
 .debug_info    0x00011e40       0x24 CMakeFiles/Temporizador_Disparo.dir/home/ninha/.pico-sdk/sdk/2.1.0/src/rp2_common/pico_double/double_v1_rom_shim_rp2040.S.o
 .debug_info    0x00011e64       0x24 CMakeFiles/Temporizador_Disparo.dir/home/ninha/.pico-sdk/sdk/2.1.0/src/rp2_common/pico_int64_ops/pico_int64_ops_aeabi.S.o
 .debug_info    0x00011e88       0x23 CMakeFiles/Temporizador_Disparo.dir/home/ninha/.pico-sdk/sdk/2.1.0/src/rp2_common/pico_float/float_aeabi_rp2040.S.o
 .debug_info    0x00011eab      0x2bc CMakeFiles/Temporizador_Disparo.dir/home/ninha/.pico-sdk/sdk/2.1.0/src/rp2_common/pico_float/float_init_rom_rp2040.c.o
 .debug_info    0x00012167       0x23 CMakeFiles/Temporizador_Disparo.dir/home/ninha/.pico-sdk/sdk/2.1.0/src/rp2_common/pico_mem_ops/mem_ops_aeabi.S.o
 .debug_info    0x0001218a      0x2e2 CMakeFiles/Temporizador_Disparo.dir/home/ninha/.pico-sdk/sdk/2.1.0/src/rp2_common/pico_standard_binary_info/standard_binary_info.c.o
 .debug_info    0x0001246c     0x211a CMakeFiles/Temporizador_Disparo.dir/home/ninha/.pico-sdk/sdk/2.1.0/src/rp2_common/pico_printf/printf.c.o
 .debug_info    0x00014586       0x23 CMakeFiles/Temporizador_Disparo.dir/home/ninha/.pico-sdk/sdk/2.1.0/src/rp2_common/pico_crt0/crt0.S.o
 .debug_info    0x000145a9      0xb54 CMakeFiles/Temporizador_Disparo.dir/home/ninha/.pico-sdk/sdk/2.1.0/src/rp2_common/pico_clib_interface/newlib_interface.c.o
 .debug_info    0x000150fd     0x1b8f CMakeFiles/Temporizador_Disparo.dir/home/ninha/.pico-sdk/sdk/2.1.0/src/rp2_common/pico_stdio/stdio.c.o

.debug_abbrev   0x00000000     0x43f6
 .debug_abbrev  0x00000000       0xbc CMakeFiles/Temporizador_Disparo.dir/Temporizador_Disparo.c.o
 .debug_abbrev  0x000000bc      0x12b CMakeFiles/Temporizador_Disparo.dir/home/ninha/.pico-sdk/sdk/2.1.0/src/rp2_common/pico_platform_panic/panic.c.o
 .debug_abbrev  0x000001e7      0x33b CMakeFiles/Temporizador_Disparo.dir/home/ninha/.pico-sdk/sdk/2.1.0/src/common/hardware_claim/claim.c.o
 .debug_abbrev  0x00000522      0x20d CMakeFiles/Temporizador_Disparo.dir/home/ninha/.pico-sdk/sdk/2.1.0/src/rp2_common/hardware_sync/sync.c.o
 .debug_abbrev  0x0000072f      0x1bb CMakeFiles/Temporizador_Disparo.dir/home/ninha/.pico-sdk/sdk/2.1.0/src/rp2_common/hardware_sync_spin_lock/sync_spin_lock.c.o
 .debug_abbrev  0x000008ea      0x5ff CMakeFiles/Temporizador_Disparo.dir/home/ninha/.pico-sdk/sdk/2.1.0/src/rp2_common/hardware_irq/irq.c.o
 .debug_abbrev  0x00000ee9       0xee CMakeFiles/Temporizador_Disparo.dir/home/ninha/.pico-sdk/sdk/2.1.0/src/common/pico_sync/lock_core.c.o
 .debug_abbrev  0x00000fd7      0x48c CMakeFiles/Temporizador_Disparo.dir/home/ninha/.pico-sdk/sdk/2.1.0/src/common/pico_sync/mutex.c.o
 .debug_abbrev  0x00001463      0x67b CMakeFiles/Temporizador_Disparo.dir/home/ninha/.pico-sdk/sdk/2.1.0/src/common/pico_time/time.c.o
 .debug_abbrev  0x00001ade      0x4f2 CMakeFiles/Temporizador_Disparo.dir/home/ninha/.pico-sdk/sdk/2.1.0/src/rp2_common/hardware_timer/timer.c.o
 .debug_abbrev  0x00001fd0      0x4e2 CMakeFiles/Temporizador_Disparo.dir/home/ninha/.pico-sdk/sdk/2.1.0/src/rp2_common/hardware_clocks/clocks.c.o
 .debug_abbrev  0x000024b2      0x1d2 CMakeFiles/Temporizador_Disparo.dir/home/ninha/.pico-sdk/sdk/2.1.0/src/rp2_common/hardware_pll/pll.c.o
 .debug_abbrev  0x00002684      0x145 CMakeFiles/Temporizador_Disparo.dir/home/ninha/.pico-sdk/sdk/2.1.0/src/rp2_common/hardware_ticks/ticks.c.o
 .debug_abbrev  0x000027c9      0x1d7 CMakeFiles/Temporizador_Disparo.dir/home/ninha/.pico-sdk/sdk/2.1.0/src/rp2_common/pico_bootrom/bootrom.c.o
 .debug_abbrev  0x000029a0      0x11b CMakeFiles/Temporizador_Disparo.dir/home/ninha/.pico-sdk/sdk/2.1.0/src/rp2_common/hardware_xosc/xosc.c.o
 .debug_abbrev  0x00002abb      0x182 CMakeFiles/Temporizador_Disparo.dir/home/ninha/.pico-sdk/sdk/2.1.0/src/rp2_common/pico_runtime/runtime.c.o
 .debug_abbrev  0x00002c3d      0x222 CMakeFiles/Temporizador_Disparo.dir/home/ninha/.pico-sdk/sdk/2.1.0/src/rp2_common/pico_runtime_init/runtime_init.c.o
 .debug_abbrev  0x00002e5f      0x294 CMakeFiles/Temporizador_Disparo.dir/home/ninha/.pico-sdk/sdk/2.1.0/src/rp2_common/pico_runtime_init/runtime_init_clocks.c.o
 .debug_abbrev  0x000030f3       0x12 CMakeFiles/Temporizador_Disparo.dir/home/ninha/.pico-sdk/sdk/2.1.0/src/rp2_common/pico_bit_ops/bit_ops_aeabi.S.o
 .debug_abbrev  0x00003105       0x12 CMakeFiles/Temporizador_Disparo.dir/home/ninha/.pico-sdk/sdk/2.1.0/src/rp2_common/pico_divider/divider_hardware.S.o
 .debug_abbrev  0x00003117       0x12 CMakeFiles/Temporizador_Disparo.dir/home/ninha/.pico-sdk/sdk/2.1.0/src/rp2_common/pico_double/double_aeabi_rp2040.S.o
 .debug_abbrev  0x00003129      0x1bb CMakeFiles/Temporizador_Disparo.dir/home/ninha/.pico-sdk/sdk/2.1.0/src/rp2_common/pico_double/double_init_rom_rp2040.c.o
 .debug_abbrev  0x000032e4       0x14 CMakeFiles/Temporizador_Disparo.dir/home/ninha/.pico-sdk/sdk/2.1.0/src/rp2_common/pico_double/double_v1_rom_shim_rp2040.S.o
 .debug_abbrev  0x000032f8       0x14 CMakeFiles/Temporizador_Disparo.dir/home/ninha/.pico-sdk/sdk/2.1.0/src/rp2_common/pico_int64_ops/pico_int64_ops_aeabi.S.o
 .debug_abbrev  0x0000330c       0x12 CMakeFiles/Temporizador_Disparo.dir/home/ninha/.pico-sdk/sdk/2.1.0/src/rp2_common/pico_float/float_aeabi_rp2040.S.o
 .debug_abbrev  0x0000331e      0x19e CMakeFiles/Temporizador_Disparo.dir/home/ninha/.pico-sdk/sdk/2.1.0/src/rp2_common/pico_float/float_init_rom_rp2040.c.o
 .debug_abbrev  0x000034bc       0x12 CMakeFiles/Temporizador_Disparo.dir/home/ninha/.pico-sdk/sdk/2.1.0/src/rp2_common/pico_mem_ops/mem_ops_aeabi.S.o
 .debug_abbrev  0x000034ce       0xb8 CMakeFiles/Temporizador_Disparo.dir/home/ninha/.pico-sdk/sdk/2.1.0/src/rp2_common/pico_standard_binary_info/standard_binary_info.c.o
 .debug_abbrev  0x00003586      0x525 CMakeFiles/Temporizador_Disparo.dir/home/ninha/.pico-sdk/sdk/2.1.0/src/rp2_common/pico_printf/printf.c.o
 .debug_abbrev  0x00003aab       0x12 CMakeFiles/Temporizador_Disparo.dir/home/ninha/.pico-sdk/sdk/2.1.0/src/rp2_common/pico_crt0/crt0.S.o
 .debug_abbrev  0x00003abd      0x352 CMakeFiles/Temporizador_Disparo.dir/home/ninha/.pico-sdk/sdk/2.1.0/src/rp2_common/pico_clib_interface/newlib_interface.c.o
 .debug_abbrev  0x00003e0f      0x5e7 CMakeFiles/Temporizador_Disparo.dir/home/ninha/.pico-sdk/sdk/2.1.0/src/rp2_common/pico_stdio/stdio.c.o

.debug_aranges  0x00000000      0xc40
 .debug_aranges
                0x00000000       0x20 CMakeFiles/Temporizador_Disparo.dir/Temporizador_Disparo.c.o
 .debug_aranges
                0x00000020       0x28 CMakeFiles/Temporizador_Disparo.dir/home/ninha/.pico-sdk/sdk/2.1.0/src/rp2_common/pico_platform_panic/panic.c.o
 .debug_aranges
                0x00000048       0x48 CMakeFiles/Temporizador_Disparo.dir/home/ninha/.pico-sdk/sdk/2.1.0/src/common/hardware_claim/claim.c.o
 .debug_aranges
                0x00000090       0x48 CMakeFiles/Temporizador_Disparo.dir/home/ninha/.pico-sdk/sdk/2.1.0/src/rp2_common/hardware_sync/sync.c.o
 .debug_aranges
                0x000000d8       0x28 CMakeFiles/Temporizador_Disparo.dir/home/ninha/.pico-sdk/sdk/2.1.0/src/rp2_common/hardware_sync_spin_lock/sync_spin_lock.c.o
 .debug_aranges
                0x00000100       0xb0 CMakeFiles/Temporizador_Disparo.dir/home/ninha/.pico-sdk/sdk/2.1.0/src/rp2_common/hardware_irq/irq.c.o
 .debug_aranges
                0x000001b0       0x20 CMakeFiles/Temporizador_Disparo.dir/home/ninha/.pico-sdk/sdk/2.1.0/src/common/pico_sync/lock_core.c.o
 .debug_aranges
                0x000001d0       0x98 CMakeFiles/Temporizador_Disparo.dir/home/ninha/.pico-sdk/sdk/2.1.0/src/common/pico_sync/mutex.c.o
 .debug_aranges
                0x00000268       0xe0 CMakeFiles/Temporizador_Disparo.dir/home/ninha/.pico-sdk/sdk/2.1.0/src/common/pico_time/time.c.o
 .debug_aranges
                0x00000348       0xf0 CMakeFiles/Temporizador_Disparo.dir/home/ninha/.pico-sdk/sdk/2.1.0/src/rp2_common/hardware_timer/timer.c.o
 .debug_aranges
                0x00000438       0x90 CMakeFiles/Temporizador_Disparo.dir/home/ninha/.pico-sdk/sdk/2.1.0/src/rp2_common/hardware_clocks/clocks.c.o
 .debug_aranges
                0x000004c8       0x28 CMakeFiles/Temporizador_Disparo.dir/home/ninha/.pico-sdk/sdk/2.1.0/src/rp2_common/hardware_pll/pll.c.o
 .debug_aranges
                0x000004f0       0x30 CMakeFiles/Temporizador_Disparo.dir/home/ninha/.pico-sdk/sdk/2.1.0/src/rp2_common/hardware_ticks/ticks.c.o
 .debug_aranges
                0x00000520       0x40 CMakeFiles/Temporizador_Disparo.dir/home/ninha/.pico-sdk/sdk/2.1.0/src/rp2_common/pico_bootrom/bootrom.c.o
 .debug_aranges
                0x00000560       0x30 CMakeFiles/Temporizador_Disparo.dir/home/ninha/.pico-sdk/sdk/2.1.0/src/rp2_common/hardware_xosc/xosc.c.o
 .debug_aranges
                0x00000590       0x38 CMakeFiles/Temporizador_Disparo.dir/home/ninha/.pico-sdk/sdk/2.1.0/src/rp2_common/pico_runtime/runtime.c.o
 .debug_aranges
                0x000005c8       0x48 CMakeFiles/Temporizador_Disparo.dir/home/ninha/.pico-sdk/sdk/2.1.0/src/rp2_common/pico_runtime_init/runtime_init.c.o
 .debug_aranges
                0x00000610       0x20 CMakeFiles/Temporizador_Disparo.dir/home/ninha/.pico-sdk/sdk/2.1.0/src/rp2_common/pico_runtime_init/runtime_init_clocks.c.o
 .debug_aranges
                0x00000630       0x60 CMakeFiles/Temporizador_Disparo.dir/home/ninha/.pico-sdk/sdk/2.1.0/src/rp2_common/pico_bit_ops/bit_ops_aeabi.S.o
 .debug_aranges
                0x00000690       0x40 CMakeFiles/Temporizador_Disparo.dir/home/ninha/.pico-sdk/sdk/2.1.0/src/rp2_common/pico_divider/divider_hardware.S.o
 .debug_aranges
                0x000006d0      0x140 CMakeFiles/Temporizador_Disparo.dir/home/ninha/.pico-sdk/sdk/2.1.0/src/rp2_common/pico_double/double_aeabi_rp2040.S.o
 .debug_aranges
                0x00000810       0x28 CMakeFiles/Temporizador_Disparo.dir/home/ninha/.pico-sdk/sdk/2.1.0/src/rp2_common/pico_double/double_init_rom_rp2040.c.o
 .debug_aranges
                0x00000838       0x20 CMakeFiles/Temporizador_Disparo.dir/home/ninha/.pico-sdk/sdk/2.1.0/src/rp2_common/pico_double/double_v1_rom_shim_rp2040.S.o
 .debug_aranges
                0x00000858       0x20 CMakeFiles/Temporizador_Disparo.dir/home/ninha/.pico-sdk/sdk/2.1.0/src/rp2_common/pico_int64_ops/pico_int64_ops_aeabi.S.o
 .debug_aranges
                0x00000878      0x130 CMakeFiles/Temporizador_Disparo.dir/home/ninha/.pico-sdk/sdk/2.1.0/src/rp2_common/pico_float/float_aeabi_rp2040.S.o
 .debug_aranges
                0x000009a8       0x28 CMakeFiles/Temporizador_Disparo.dir/home/ninha/.pico-sdk/sdk/2.1.0/src/rp2_common/pico_float/float_init_rom_rp2040.c.o
 .debug_aranges
                0x000009d0       0x38 CMakeFiles/Temporizador_Disparo.dir/home/ninha/.pico-sdk/sdk/2.1.0/src/rp2_common/pico_mem_ops/mem_ops_aeabi.S.o
 .debug_aranges
                0x00000a08       0x18 CMakeFiles/Temporizador_Disparo.dir/home/ninha/.pico-sdk/sdk/2.1.0/src/rp2_common/pico_standard_binary_info/standard_binary_info.c.o
 .debug_aranges
                0x00000a20       0x90 CMakeFiles/Temporizador_Disparo.dir/home/ninha/.pico-sdk/sdk/2.1.0/src/rp2_common/pico_printf/printf.c.o
 .debug_aranges
                0x00000ab0       0x28 CMakeFiles/Temporizador_Disparo.dir/home/ninha/.pico-sdk/sdk/2.1.0/src/rp2_common/pico_crt0/crt0.S.o
 .debug_aranges
                0x00000ad8       0xa0 CMakeFiles/Temporizador_Disparo.dir/home/ninha/.pico-sdk/sdk/2.1.0/src/rp2_common/pico_clib_interface/newlib_interface.c.o
 .debug_aranges
                0x00000b78       0xc8 CMakeFiles/Temporizador_Disparo.dir/home/ninha/.pico-sdk/sdk/2.1.0/src/rp2_common/pico_stdio/stdio.c.o

.debug_rnglists
                0x00000000     0x21c7
 .debug_rnglists
                0x00000000       0x13 CMakeFiles/Temporizador_Disparo.dir/Temporizador_Disparo.c.o
 .debug_rnglists
                0x00000013       0x19 CMakeFiles/Temporizador_Disparo.dir/home/ninha/.pico-sdk/sdk/2.1.0/src/rp2_common/pico_platform_panic/panic.c.o
 .debug_rnglists
                0x0000002c       0xc5 CMakeFiles/Temporizador_Disparo.dir/home/ninha/.pico-sdk/sdk/2.1.0/src/common/hardware_claim/claim.c.o
 .debug_rnglists
                0x000000f1       0x67 CMakeFiles/Temporizador_Disparo.dir/home/ninha/.pico-sdk/sdk/2.1.0/src/rp2_common/hardware_sync/sync.c.o
 .debug_rnglists
                0x00000158       0x3d CMakeFiles/Temporizador_Disparo.dir/home/ninha/.pico-sdk/sdk/2.1.0/src/rp2_common/hardware_sync_spin_lock/sync_spin_lock.c.o
 .debug_rnglists
                0x00000195      0x355 CMakeFiles/Temporizador_Disparo.dir/home/ninha/.pico-sdk/sdk/2.1.0/src/rp2_common/hardware_irq/irq.c.o
 .debug_rnglists
                0x000004ea       0x1f CMakeFiles/Temporizador_Disparo.dir/home/ninha/.pico-sdk/sdk/2.1.0/src/common/pico_sync/lock_core.c.o
 .debug_rnglists
                0x00000509      0x32c CMakeFiles/Temporizador_Disparo.dir/home/ninha/.pico-sdk/sdk/2.1.0/src/common/pico_sync/mutex.c.o
 .debug_rnglists
                0x00000835      0x77c CMakeFiles/Temporizador_Disparo.dir/home/ninha/.pico-sdk/sdk/2.1.0/src/common/pico_time/time.c.o
 .debug_rnglists
                0x00000fb1      0x2c6 CMakeFiles/Temporizador_Disparo.dir/home/ninha/.pico-sdk/sdk/2.1.0/src/rp2_common/hardware_timer/timer.c.o
 .debug_rnglists
                0x00001277      0x4ad CMakeFiles/Temporizador_Disparo.dir/home/ninha/.pico-sdk/sdk/2.1.0/src/rp2_common/hardware_clocks/clocks.c.o
 .debug_rnglists
                0x00001724       0x5c CMakeFiles/Temporizador_Disparo.dir/home/ninha/.pico-sdk/sdk/2.1.0/src/rp2_common/hardware_pll/pll.c.o
 .debug_rnglists
                0x00001780       0x2b CMakeFiles/Temporizador_Disparo.dir/home/ninha/.pico-sdk/sdk/2.1.0/src/rp2_common/hardware_ticks/ticks.c.o
 .debug_rnglists
                0x000017ab      0x10c CMakeFiles/Temporizador_Disparo.dir/home/ninha/.pico-sdk/sdk/2.1.0/src/rp2_common/pico_bootrom/bootrom.c.o
 .debug_rnglists
                0x000018b7       0x2b CMakeFiles/Temporizador_Disparo.dir/home/ninha/.pico-sdk/sdk/2.1.0/src/rp2_common/hardware_xosc/xosc.c.o
 .debug_rnglists
                0x000018e2       0x3d CMakeFiles/Temporizador_Disparo.dir/home/ninha/.pico-sdk/sdk/2.1.0/src/rp2_common/pico_runtime/runtime.c.o
 .debug_rnglists
                0x0000191f       0x49 CMakeFiles/Temporizador_Disparo.dir/home/ninha/.pico-sdk/sdk/2.1.0/src/rp2_common/pico_runtime_init/runtime_init.c.o
 .debug_rnglists
                0x00001968       0x20 CMakeFiles/Temporizador_Disparo.dir/home/ninha/.pico-sdk/sdk/2.1.0/src/rp2_common/pico_runtime_init/runtime_init_clocks.c.o
 .debug_rnglists
                0x00001988       0x43 CMakeFiles/Temporizador_Disparo.dir/home/ninha/.pico-sdk/sdk/2.1.0/src/rp2_common/pico_bit_ops/bit_ops_aeabi.S.o
 .debug_rnglists
                0x000019cb       0x2c CMakeFiles/Temporizador_Disparo.dir/home/ninha/.pico-sdk/sdk/2.1.0/src/rp2_common/pico_divider/divider_hardware.S.o
 .debug_rnglists
                0x000019f7       0xec CMakeFiles/Temporizador_Disparo.dir/home/ninha/.pico-sdk/sdk/2.1.0/src/rp2_common/pico_double/double_aeabi_rp2040.S.o
 .debug_rnglists
                0x00001ae3       0x1a CMakeFiles/Temporizador_Disparo.dir/home/ninha/.pico-sdk/sdk/2.1.0/src/rp2_common/pico_double/double_init_rom_rp2040.c.o
 .debug_rnglists
                0x00001afd       0xdf CMakeFiles/Temporizador_Disparo.dir/home/ninha/.pico-sdk/sdk/2.1.0/src/rp2_common/pico_float/float_aeabi_rp2040.S.o
 .debug_rnglists
                0x00001bdc       0x19 CMakeFiles/Temporizador_Disparo.dir/home/ninha/.pico-sdk/sdk/2.1.0/src/rp2_common/pico_float/float_init_rom_rp2040.c.o
 .debug_rnglists
                0x00001bf5       0x25 CMakeFiles/Temporizador_Disparo.dir/home/ninha/.pico-sdk/sdk/2.1.0/src/rp2_common/pico_mem_ops/mem_ops_aeabi.S.o
 .debug_rnglists
                0x00001c1a      0x27c CMakeFiles/Temporizador_Disparo.dir/home/ninha/.pico-sdk/sdk/2.1.0/src/rp2_common/pico_printf/printf.c.o
 .debug_rnglists
                0x00001e96       0x1b CMakeFiles/Temporizador_Disparo.dir/home/ninha/.pico-sdk/sdk/2.1.0/src/rp2_common/pico_crt0/crt0.S.o
 .debug_rnglists
                0x00001eb1       0x7f CMakeFiles/Temporizador_Disparo.dir/home/ninha/.pico-sdk/sdk/2.1.0/src/rp2_common/pico_clib_interface/newlib_interface.c.o
 .debug_rnglists
                0x00001f30      0x297 CMakeFiles/Temporizador_Disparo.dir/home/ninha/.pico-sdk/sdk/2.1.0/src/rp2_common/pico_stdio/stdio.c.o

.debug_line     0x00000000    0x12436
 .debug_line    0x00000000      0x1e2 CMakeFiles/Temporizador_Disparo.dir/Temporizador_Disparo.c.o
 .debug_line    0x000001e2      0x278 CMakeFiles/Temporizador_Disparo.dir/home/ninha/.pico-sdk/sdk/2.1.0/src/rp2_common/pico_platform_panic/panic.c.o
 .debug_line    0x0000045a      0x912 CMakeFiles/Temporizador_Disparo.dir/home/ninha/.pico-sdk/sdk/2.1.0/src/common/hardware_claim/claim.c.o
 .debug_line    0x00000d6c      0x4ba CMakeFiles/Temporizador_Disparo.dir/home/ninha/.pico-sdk/sdk/2.1.0/src/rp2_common/hardware_sync/sync.c.o
 .debug_line    0x00001226      0x3a5 CMakeFiles/Temporizador_Disparo.dir/home/ninha/.pico-sdk/sdk/2.1.0/src/rp2_common/hardware_sync_spin_lock/sync_spin_lock.c.o
 .debug_line    0x000015cb     0x16f2 CMakeFiles/Temporizador_Disparo.dir/home/ninha/.pico-sdk/sdk/2.1.0/src/rp2_common/hardware_irq/irq.c.o
 .debug_line    0x00002cbd      0x2d0 CMakeFiles/Temporizador_Disparo.dir/home/ninha/.pico-sdk/sdk/2.1.0/src/common/pico_sync/lock_core.c.o
 .debug_line    0x00002f8d     0x1b04 CMakeFiles/Temporizador_Disparo.dir/home/ninha/.pico-sdk/sdk/2.1.0/src/common/pico_sync/mutex.c.o
 .debug_line    0x00004a91     0x3100 CMakeFiles/Temporizador_Disparo.dir/home/ninha/.pico-sdk/sdk/2.1.0/src/common/pico_time/time.c.o
 .debug_line    0x00007b91     0x1d0d CMakeFiles/Temporizador_Disparo.dir/home/ninha/.pico-sdk/sdk/2.1.0/src/rp2_common/hardware_timer/timer.c.o
 .debug_line    0x0000989e     0x1dec CMakeFiles/Temporizador_Disparo.dir/home/ninha/.pico-sdk/sdk/2.1.0/src/rp2_common/hardware_clocks/clocks.c.o
 .debug_line    0x0000b68a      0x4e5 CMakeFiles/Temporizador_Disparo.dir/home/ninha/.pico-sdk/sdk/2.1.0/src/rp2_common/hardware_pll/pll.c.o
 .debug_line    0x0000bb6f      0x32f CMakeFiles/Temporizador_Disparo.dir/home/ninha/.pico-sdk/sdk/2.1.0/src/rp2_common/hardware_ticks/ticks.c.o
 .debug_line    0x0000be9e      0x46f CMakeFiles/Temporizador_Disparo.dir/home/ninha/.pico-sdk/sdk/2.1.0/src/rp2_common/pico_bootrom/bootrom.c.o
 .debug_line    0x0000c30d      0x348 CMakeFiles/Temporizador_Disparo.dir/home/ninha/.pico-sdk/sdk/2.1.0/src/rp2_common/hardware_xosc/xosc.c.o
 .debug_line    0x0000c655      0x307 CMakeFiles/Temporizador_Disparo.dir/home/ninha/.pico-sdk/sdk/2.1.0/src/rp2_common/pico_runtime/runtime.c.o
 .debug_line    0x0000c95c      0x527 CMakeFiles/Temporizador_Disparo.dir/home/ninha/.pico-sdk/sdk/2.1.0/src/rp2_common/pico_runtime_init/runtime_init.c.o
 .debug_line    0x0000ce83      0x543 CMakeFiles/Temporizador_Disparo.dir/home/ninha/.pico-sdk/sdk/2.1.0/src/rp2_common/pico_runtime_init/runtime_init_clocks.c.o
 .debug_line    0x0000d3c6      0x107 CMakeFiles/Temporizador_Disparo.dir/home/ninha/.pico-sdk/sdk/2.1.0/src/rp2_common/pico_bit_ops/bit_ops_aeabi.S.o
 .debug_line    0x0000d4cd      0x2a9 CMakeFiles/Temporizador_Disparo.dir/home/ninha/.pico-sdk/sdk/2.1.0/src/rp2_common/pico_divider/divider_hardware.S.o
 .debug_line    0x0000d776      0x3f3 CMakeFiles/Temporizador_Disparo.dir/home/ninha/.pico-sdk/sdk/2.1.0/src/rp2_common/pico_double/double_aeabi_rp2040.S.o
 .debug_line    0x0000db69      0x54d CMakeFiles/Temporizador_Disparo.dir/home/ninha/.pico-sdk/sdk/2.1.0/src/rp2_common/pico_double/double_init_rom_rp2040.c.o
 .debug_line    0x0000e0b6       0x5d CMakeFiles/Temporizador_Disparo.dir/home/ninha/.pico-sdk/sdk/2.1.0/src/rp2_common/pico_double/double_v1_rom_shim_rp2040.S.o
 .debug_line    0x0000e113       0x61 CMakeFiles/Temporizador_Disparo.dir/home/ninha/.pico-sdk/sdk/2.1.0/src/rp2_common/pico_int64_ops/pico_int64_ops_aeabi.S.o
 .debug_line    0x0000e174      0x3a8 CMakeFiles/Temporizador_Disparo.dir/home/ninha/.pico-sdk/sdk/2.1.0/src/rp2_common/pico_float/float_aeabi_rp2040.S.o
 .debug_line    0x0000e51c      0x409 CMakeFiles/Temporizador_Disparo.dir/home/ninha/.pico-sdk/sdk/2.1.0/src/rp2_common/pico_float/float_init_rom_rp2040.c.o
 .debug_line    0x0000e925       0x94 CMakeFiles/Temporizador_Disparo.dir/home/ninha/.pico-sdk/sdk/2.1.0/src/rp2_common/pico_mem_ops/mem_ops_aeabi.S.o
 .debug_line    0x0000e9b9      0x1e6 CMakeFiles/Temporizador_Disparo.dir/home/ninha/.pico-sdk/sdk/2.1.0/src/rp2_common/pico_standard_binary_info/standard_binary_info.c.o
 .debug_line    0x0000eb9f     0x1b7a CMakeFiles/Temporizador_Disparo.dir/home/ninha/.pico-sdk/sdk/2.1.0/src/rp2_common/pico_printf/printf.c.o
 .debug_line    0x00010719       0xa5 CMakeFiles/Temporizador_Disparo.dir/home/ninha/.pico-sdk/sdk/2.1.0/src/rp2_common/pico_crt0/crt0.S.o
 .debug_line    0x000107be      0x84c CMakeFiles/Temporizador_Disparo.dir/home/ninha/.pico-sdk/sdk/2.1.0/src/rp2_common/pico_clib_interface/newlib_interface.c.o
 .debug_line    0x0001100a     0x142c CMakeFiles/Temporizador_Disparo.dir/home/ninha/.pico-sdk/sdk/2.1.0/src/rp2_common/pico_stdio/stdio.c.o

.debug_str      0x00000000     0x3905
 .debug_str     0x00000000     0x3905 CMakeFiles/Temporizador_Disparo.dir/Temporizador_Disparo.c.o
                                0x1e0 (size before relaxing)
 .debug_str     0x00003905      0x202 CMakeFiles/Temporizador_Disparo.dir/home/ninha/.pico-sdk/sdk/2.1.0/src/rp2_common/pico_platform_panic/panic.c.o
 .debug_str     0x00003905      0x385 CMakeFiles/Temporizador_Disparo.dir/home/ninha/.pico-sdk/sdk/2.1.0/src/common/hardware_claim/claim.c.o
 .debug_str     0x00003905      0x32e CMakeFiles/Temporizador_Disparo.dir/home/ninha/.pico-sdk/sdk/2.1.0/src/rp2_common/hardware_sync/sync.c.o
 .debug_str     0x00003905      0x241 CMakeFiles/Temporizador_Disparo.dir/home/ninha/.pico-sdk/sdk/2.1.0/src/rp2_common/hardware_sync_spin_lock/sync_spin_lock.c.o
 .debug_str     0x00003905      0xa65 CMakeFiles/Temporizador_Disparo.dir/home/ninha/.pico-sdk/sdk/2.1.0/src/rp2_common/hardware_irq/irq.c.o
 .debug_str     0x00003905      0x20d CMakeFiles/Temporizador_Disparo.dir/home/ninha/.pico-sdk/sdk/2.1.0/src/common/pico_sync/lock_core.c.o
 .debug_str     0x00003905      0x7a0 CMakeFiles/Temporizador_Disparo.dir/home/ninha/.pico-sdk/sdk/2.1.0/src/common/pico_sync/mutex.c.o
 .debug_str     0x00003905     0x119d CMakeFiles/Temporizador_Disparo.dir/home/ninha/.pico-sdk/sdk/2.1.0/src/common/pico_time/time.c.o
 .debug_str     0x00003905      0x9e8 CMakeFiles/Temporizador_Disparo.dir/home/ninha/.pico-sdk/sdk/2.1.0/src/rp2_common/hardware_timer/timer.c.o
 .debug_str     0x00003905      0x997 CMakeFiles/Temporizador_Disparo.dir/home/ninha/.pico-sdk/sdk/2.1.0/src/rp2_common/hardware_clocks/clocks.c.o
 .debug_str     0x00003905      0x460 CMakeFiles/Temporizador_Disparo.dir/home/ninha/.pico-sdk/sdk/2.1.0/src/rp2_common/hardware_pll/pll.c.o
 .debug_str     0x00003905      0x28f CMakeFiles/Temporizador_Disparo.dir/home/ninha/.pico-sdk/sdk/2.1.0/src/rp2_common/hardware_ticks/ticks.c.o
 .debug_str     0x00003905      0x33d CMakeFiles/Temporizador_Disparo.dir/home/ninha/.pico-sdk/sdk/2.1.0/src/rp2_common/pico_bootrom/bootrom.c.o
 .debug_str     0x00003905      0x244 CMakeFiles/Temporizador_Disparo.dir/home/ninha/.pico-sdk/sdk/2.1.0/src/rp2_common/hardware_xosc/xosc.c.o
 .debug_str     0x00003905      0x294 CMakeFiles/Temporizador_Disparo.dir/home/ninha/.pico-sdk/sdk/2.1.0/src/rp2_common/pico_runtime/runtime.c.o
 .debug_str     0x00003905      0x788 CMakeFiles/Temporizador_Disparo.dir/home/ninha/.pico-sdk/sdk/2.1.0/src/rp2_common/pico_runtime_init/runtime_init.c.o
 .debug_str     0x00003905      0x49c CMakeFiles/Temporizador_Disparo.dir/home/ninha/.pico-sdk/sdk/2.1.0/src/rp2_common/pico_runtime_init/runtime_init_clocks.c.o
 .debug_str     0x00003905       0x8c CMakeFiles/Temporizador_Disparo.dir/home/ninha/.pico-sdk/sdk/2.1.0/src/rp2_common/pico_bit_ops/bit_ops_aeabi.S.o
 .debug_str     0x00003905       0x8f CMakeFiles/Temporizador_Disparo.dir/home/ninha/.pico-sdk/sdk/2.1.0/src/rp2_common/pico_divider/divider_hardware.S.o
 .debug_str     0x00003905       0x91 CMakeFiles/Temporizador_Disparo.dir/home/ninha/.pico-sdk/sdk/2.1.0/src/rp2_common/pico_double/double_aeabi_rp2040.S.o
 .debug_str     0x00003905      0x2e3 CMakeFiles/Temporizador_Disparo.dir/home/ninha/.pico-sdk/sdk/2.1.0/src/rp2_common/pico_double/double_init_rom_rp2040.c.o
 .debug_str     0x00003905       0x97 CMakeFiles/Temporizador_Disparo.dir/home/ninha/.pico-sdk/sdk/2.1.0/src/rp2_common/pico_double/double_v1_rom_shim_rp2040.S.o
 .debug_str     0x00003905       0x95 CMakeFiles/Temporizador_Disparo.dir/home/ninha/.pico-sdk/sdk/2.1.0/src/rp2_common/pico_int64_ops/pico_int64_ops_aeabi.S.o
 .debug_str     0x00003905       0x8f CMakeFiles/Temporizador_Disparo.dir/home/ninha/.pico-sdk/sdk/2.1.0/src/rp2_common/pico_float/float_aeabi_rp2040.S.o
 .debug_str     0x00003905      0x2a8 CMakeFiles/Temporizador_Disparo.dir/home/ninha/.pico-sdk/sdk/2.1.0/src/rp2_common/pico_float/float_init_rom_rp2040.c.o
 .debug_str     0x00003905       0x8c CMakeFiles/Temporizador_Disparo.dir/home/ninha/.pico-sdk/sdk/2.1.0/src/rp2_common/pico_mem_ops/mem_ops_aeabi.S.o
 .debug_str     0x00003905      0x43d CMakeFiles/Temporizador_Disparo.dir/home/ninha/.pico-sdk/sdk/2.1.0/src/rp2_common/pico_standard_binary_info/standard_binary_info.c.o
 .debug_str     0x00003905      0x4d7 CMakeFiles/Temporizador_Disparo.dir/home/ninha/.pico-sdk/sdk/2.1.0/src/rp2_common/pico_printf/printf.c.o
 .debug_str     0x00003905       0x80 CMakeFiles/Temporizador_Disparo.dir/home/ninha/.pico-sdk/sdk/2.1.0/src/rp2_common/pico_crt0/crt0.S.o
 .debug_str     0x00003905      0x722 CMakeFiles/Temporizador_Disparo.dir/home/ninha/.pico-sdk/sdk/2.1.0/src/rp2_common/pico_clib_interface/newlib_interface.c.o
 .debug_str     0x00003905      0xac6 CMakeFiles/Temporizador_Disparo.dir/home/ninha/.pico-sdk/sdk/2.1.0/src/rp2_common/pico_stdio/stdio.c.o

.debug_frame    0x00000000     0x164c
 .debug_frame   0x00000000       0x28 CMakeFiles/Temporizador_Disparo.dir/Temporizador_Disparo.c.o
 .debug_frame   0x00000028       0x44 CMakeFiles/Temporizador_Disparo.dir/home/ninha/.pico-sdk/sdk/2.1.0/src/rp2_common/pico_platform_panic/panic.c.o
 .debug_frame   0x0000006c       0xa0 CMakeFiles/Temporizador_Disparo.dir/home/ninha/.pico-sdk/sdk/2.1.0/src/common/hardware_claim/claim.c.o
 .debug_frame   0x0000010c       0xa8 CMakeFiles/Temporizador_Disparo.dir/home/ninha/.pico-sdk/sdk/2.1.0/src/rp2_common/hardware_sync/sync.c.o
 .debug_frame   0x000001b4       0x30 CMakeFiles/Temporizador_Disparo.dir/home/ninha/.pico-sdk/sdk/2.1.0/src/rp2_common/hardware_sync_spin_lock/sync_spin_lock.c.o
 .debug_frame   0x000001e4      0x1bc CMakeFiles/Temporizador_Disparo.dir/home/ninha/.pico-sdk/sdk/2.1.0/src/rp2_common/hardware_irq/irq.c.o
 .debug_frame   0x000003a0       0x20 CMakeFiles/Temporizador_Disparo.dir/home/ninha/.pico-sdk/sdk/2.1.0/src/common/pico_sync/lock_core.c.o
 .debug_frame   0x000003c0      0x1e0 CMakeFiles/Temporizador_Disparo.dir/home/ninha/.pico-sdk/sdk/2.1.0/src/common/pico_sync/mutex.c.o
 .debug_frame   0x000005a0      0x2d0 CMakeFiles/Temporizador_Disparo.dir/home/ninha/.pico-sdk/sdk/2.1.0/src/common/pico_time/time.c.o
 .debug_frame   0x00000870      0x2c0 CMakeFiles/Temporizador_Disparo.dir/home/ninha/.pico-sdk/sdk/2.1.0/src/rp2_common/hardware_timer/timer.c.o
 .debug_frame   0x00000b30      0x1f0 CMakeFiles/Temporizador_Disparo.dir/home/ninha/.pico-sdk/sdk/2.1.0/src/rp2_common/hardware_clocks/clocks.c.o
 .debug_frame   0x00000d20       0x40 CMakeFiles/Temporizador_Disparo.dir/home/ninha/.pico-sdk/sdk/2.1.0/src/rp2_common/hardware_pll/pll.c.o
 .debug_frame   0x00000d60       0x40 CMakeFiles/Temporizador_Disparo.dir/home/ninha/.pico-sdk/sdk/2.1.0/src/rp2_common/hardware_ticks/ticks.c.o
 .debug_frame   0x00000da0       0xa0 CMakeFiles/Temporizador_Disparo.dir/home/ninha/.pico-sdk/sdk/2.1.0/src/rp2_common/pico_bootrom/bootrom.c.o
 .debug_frame   0x00000e40       0x40 CMakeFiles/Temporizador_Disparo.dir/home/ninha/.pico-sdk/sdk/2.1.0/src/rp2_common/hardware_xosc/xosc.c.o
 .debug_frame   0x00000e80       0x70 CMakeFiles/Temporizador_Disparo.dir/home/ninha/.pico-sdk/sdk/2.1.0/src/rp2_common/pico_runtime/runtime.c.o
 .debug_frame   0x00000ef0       0x84 CMakeFiles/Temporizador_Disparo.dir/home/ninha/.pico-sdk/sdk/2.1.0/src/rp2_common/pico_runtime_init/runtime_init.c.o
 .debug_frame   0x00000f74       0x2c CMakeFiles/Temporizador_Disparo.dir/home/ninha/.pico-sdk/sdk/2.1.0/src/rp2_common/pico_runtime_init/runtime_init_clocks.c.o
 .debug_frame   0x00000fa0       0x44 CMakeFiles/Temporizador_Disparo.dir/home/ninha/.pico-sdk/sdk/2.1.0/src/rp2_common/pico_double/double_init_rom_rp2040.c.o
 .debug_frame   0x00000fe4       0x40 CMakeFiles/Temporizador_Disparo.dir/home/ninha/.pico-sdk/sdk/2.1.0/src/rp2_common/pico_float/float_init_rom_rp2040.c.o
 .debug_frame   0x00001024      0x1ec CMakeFiles/Temporizador_Disparo.dir/home/ninha/.pico-sdk/sdk/2.1.0/src/rp2_common/pico_printf/printf.c.o
 .debug_frame   0x00001210      0x174 CMakeFiles/Temporizador_Disparo.dir/home/ninha/.pico-sdk/sdk/2.1.0/src/rp2_common/pico_clib_interface/newlib_interface.c.o
 .debug_frame   0x00001384      0x2a0 CMakeFiles/Temporizador_Disparo.dir/home/ninha/.pico-sdk/sdk/2.1.0/src/rp2_common/pico_stdio/stdio.c.o
 .debug_frame   0x00001624       0x28 /home/ninha/.pico-sdk/toolchain/13_3_Rel1/bin/../lib/gcc/arm-none-eabi/13.3.1/../../../../arm-none-eabi/lib/thumb/v6-m/nofp/libg.a(libc_a-strlen-stub.o)

.debug_loclists
                0x00000000     0xd343
 .debug_loclists
                0x00000000      0x36e CMakeFiles/Temporizador_Disparo.dir/home/ninha/.pico-sdk/sdk/2.1.0/src/common/hardware_claim/claim.c.o
 .debug_loclists
                0x0000036e       0xf1 CMakeFiles/Temporizador_Disparo.dir/home/ninha/.pico-sdk/sdk/2.1.0/src/rp2_common/hardware_sync/sync.c.o
 .debug_loclists
                0x0000045f       0x7d CMakeFiles/Temporizador_Disparo.dir/home/ninha/.pico-sdk/sdk/2.1.0/src/rp2_common/hardware_sync_spin_lock/sync_spin_lock.c.o
 .debug_loclists
                0x000004dc     0x116f CMakeFiles/Temporizador_Disparo.dir/home/ninha/.pico-sdk/sdk/2.1.0/src/rp2_common/hardware_irq/irq.c.o
 .debug_loclists
                0x0000164b       0x41 CMakeFiles/Temporizador_Disparo.dir/home/ninha/.pico-sdk/sdk/2.1.0/src/common/pico_sync/lock_core.c.o
 .debug_loclists
                0x0000168c      0xafa CMakeFiles/Temporizador_Disparo.dir/home/ninha/.pico-sdk/sdk/2.1.0/src/common/pico_sync/mutex.c.o
 .debug_loclists
                0x00002186     0x24bd CMakeFiles/Temporizador_Disparo.dir/home/ninha/.pico-sdk/sdk/2.1.0/src/common/pico_time/time.c.o
 .debug_loclists
                0x00004643     0x1a12 CMakeFiles/Temporizador_Disparo.dir/home/ninha/.pico-sdk/sdk/2.1.0/src/rp2_common/hardware_timer/timer.c.o
 .debug_loclists
                0x00006055     0x28a5 CMakeFiles/Temporizador_Disparo.dir/home/ninha/.pico-sdk/sdk/2.1.0/src/rp2_common/hardware_clocks/clocks.c.o
 .debug_loclists
                0x000088fa      0x1e0 CMakeFiles/Temporizador_Disparo.dir/home/ninha/.pico-sdk/sdk/2.1.0/src/rp2_common/hardware_pll/pll.c.o
 .debug_loclists
                0x00008ada       0x47 CMakeFiles/Temporizador_Disparo.dir/home/ninha/.pico-sdk/sdk/2.1.0/src/rp2_common/hardware_ticks/ticks.c.o
 .debug_loclists
                0x00008b21      0x38a CMakeFiles/Temporizador_Disparo.dir/home/ninha/.pico-sdk/sdk/2.1.0/src/rp2_common/pico_bootrom/bootrom.c.o
 .debug_loclists
                0x00008eab       0x48 CMakeFiles/Temporizador_Disparo.dir/home/ninha/.pico-sdk/sdk/2.1.0/src/rp2_common/hardware_xosc/xosc.c.o
 .debug_loclists
                0x00008ef3       0x7e CMakeFiles/Temporizador_Disparo.dir/home/ninha/.pico-sdk/sdk/2.1.0/src/rp2_common/pico_runtime/runtime.c.o
 .debug_loclists
                0x00008f71       0xba CMakeFiles/Temporizador_Disparo.dir/home/ninha/.pico-sdk/sdk/2.1.0/src/rp2_common/pico_runtime_init/runtime_init.c.o
 .debug_loclists
                0x0000902b       0x74 CMakeFiles/Temporizador_Disparo.dir/home/ninha/.pico-sdk/sdk/2.1.0/src/rp2_common/pico_runtime_init/runtime_init_clocks.c.o
 .debug_loclists
                0x0000909f       0x35 CMakeFiles/Temporizador_Disparo.dir/home/ninha/.pico-sdk/sdk/2.1.0/src/rp2_common/pico_double/double_init_rom_rp2040.c.o
 .debug_loclists